Archive member included to satisfy reference by file (symbol)

d:/st/stm32cubeide_1.10.1/stm32cubeide/plugins/com.st.stm32cube.ide.mcu.externaltools.gnu-tools-for-stm32.10.3-2021.10.win32_1.0.0.202111181127/tools/bin/../lib/gcc/arm-none-eabi/10.3.1/../../../../arm-none-eabi/lib/thumb/v7e-m+fp/hard\libc_nano.a(lib_a-efgcvt.o)
                              ./Core/Src/main.o (gcvt)
d:/st/stm32cubeide_1.10.1/stm32cubeide/plugins/com.st.stm32cube.ide.mcu.externaltools.gnu-tools-for-stm32.10.3-2021.10.win32_1.0.0.202111181127/tools/bin/../lib/gcc/arm-none-eabi/10.3.1/../../../../arm-none-eabi/lib/thumb/v7e-m+fp/hard\libc_nano.a(lib_a-errno.o)
                              ./Core/Src/syscalls.o (__errno)
d:/st/stm32cubeide_1.10.1/stm32cubeide/plugins/com.st.stm32cube.ide.mcu.externaltools.gnu-tools-for-stm32.10.3-2021.10.win32_1.0.0.202111181127/tools/bin/../lib/gcc/arm-none-eabi/10.3.1/../../../../arm-none-eabi/lib/thumb/v7e-m+fp/hard\libc_nano.a(lib_a-exit.o)
                              d:/st/stm32cubeide_1.10.1/stm32cubeide/plugins/com.st.stm32cube.ide.mcu.externaltools.gnu-tools-for-stm32.10.3-2021.10.win32_1.0.0.202111181127/tools/bin/../lib/gcc/arm-none-eabi/10.3.1/../../../../arm-none-eabi/lib/thumb/v7e-m+fp/hard/crt0.o (exit)
d:/st/stm32cubeide_1.10.1/stm32cubeide/plugins/com.st.stm32cube.ide.mcu.externaltools.gnu-tools-for-stm32.10.3-2021.10.win32_1.0.0.202111181127/tools/bin/../lib/gcc/arm-none-eabi/10.3.1/../../../../arm-none-eabi/lib/thumb/v7e-m+fp/hard\libc_nano.a(lib_a-fclose.o)
                              ./hagl/src/hagl.o (fclose)
d:/st/stm32cubeide_1.10.1/stm32cubeide/plugins/com.st.stm32cube.ide.mcu.externaltools.gnu-tools-for-stm32.10.3-2021.10.win32_1.0.0.202111181127/tools/bin/../lib/gcc/arm-none-eabi/10.3.1/../../../../arm-none-eabi/lib/thumb/v7e-m+fp/hard\libc_nano.a(lib_a-fflush.o)
                              d:/st/stm32cubeide_1.10.1/stm32cubeide/plugins/com.st.stm32cube.ide.mcu.externaltools.gnu-tools-for-stm32.10.3-2021.10.win32_1.0.0.202111181127/tools/bin/../lib/gcc/arm-none-eabi/10.3.1/../../../../arm-none-eabi/lib/thumb/v7e-m+fp/hard\libc_nano.a(lib_a-fclose.o) (__sflush_r)
d:/st/stm32cubeide_1.10.1/stm32cubeide/plugins/com.st.stm32cube.ide.mcu.externaltools.gnu-tools-for-stm32.10.3-2021.10.win32_1.0.0.202111181127/tools/bin/../lib/gcc/arm-none-eabi/10.3.1/../../../../arm-none-eabi/lib/thumb/v7e-m+fp/hard\libc_nano.a(lib_a-findfp.o)
                              d:/st/stm32cubeide_1.10.1/stm32cubeide/plugins/com.st.stm32cube.ide.mcu.externaltools.gnu-tools-for-stm32.10.3-2021.10.win32_1.0.0.202111181127/tools/bin/../lib/gcc/arm-none-eabi/10.3.1/../../../../arm-none-eabi/lib/thumb/v7e-m+fp/hard\libc_nano.a(lib_a-fclose.o) (__sfp_lock_acquire)
d:/st/stm32cubeide_1.10.1/stm32cubeide/plugins/com.st.stm32cube.ide.mcu.externaltools.gnu-tools-for-stm32.10.3-2021.10.win32_1.0.0.202111181127/tools/bin/../lib/gcc/arm-none-eabi/10.3.1/../../../../arm-none-eabi/lib/thumb/v7e-m+fp/hard\libc_nano.a(lib_a-fopen.o)
                              ./hagl/src/hagl.o (fopen)
d:/st/stm32cubeide_1.10.1/stm32cubeide/plugins/com.st.stm32cube.ide.mcu.externaltools.gnu-tools-for-stm32.10.3-2021.10.win32_1.0.0.202111181127/tools/bin/../lib/gcc/arm-none-eabi/10.3.1/../../../../arm-none-eabi/lib/thumb/v7e-m+fp/hard\libc_nano.a(lib_a-fread.o)
                              ./hagl/src/hagl.o (fread)
d:/st/stm32cubeide_1.10.1/stm32cubeide/plugins/com.st.stm32cube.ide.mcu.externaltools.gnu-tools-for-stm32.10.3-2021.10.win32_1.0.0.202111181127/tools/bin/../lib/gcc/arm-none-eabi/10.3.1/../../../../arm-none-eabi/lib/thumb/v7e-m+fp/hard\libc_nano.a(lib_a-fseek.o)
                              d:/st/stm32cubeide_1.10.1/stm32cubeide/plugins/com.st.stm32cube.ide.mcu.externaltools.gnu-tools-for-stm32.10.3-2021.10.win32_1.0.0.202111181127/tools/bin/../lib/gcc/arm-none-eabi/10.3.1/../../../../arm-none-eabi/lib/thumb/v7e-m+fp/hard\libc_nano.a(lib_a-fopen.o) (_fseek_r)
d:/st/stm32cubeide_1.10.1/stm32cubeide/plugins/com.st.stm32cube.ide.mcu.externaltools.gnu-tools-for-stm32.10.3-2021.10.win32_1.0.0.202111181127/tools/bin/../lib/gcc/arm-none-eabi/10.3.1/../../../../arm-none-eabi/lib/thumb/v7e-m+fp/hard\libc_nano.a(lib_a-fseeko.o)
                              d:/st/stm32cubeide_1.10.1/stm32cubeide/plugins/com.st.stm32cube.ide.mcu.externaltools.gnu-tools-for-stm32.10.3-2021.10.win32_1.0.0.202111181127/tools/bin/../lib/gcc/arm-none-eabi/10.3.1/../../../../arm-none-eabi/lib/thumb/v7e-m+fp/hard\libc_nano.a(lib_a-fseek.o) (_fseeko_r)
d:/st/stm32cubeide_1.10.1/stm32cubeide/plugins/com.st.stm32cube.ide.mcu.externaltools.gnu-tools-for-stm32.10.3-2021.10.win32_1.0.0.202111181127/tools/bin/../lib/gcc/arm-none-eabi/10.3.1/../../../../arm-none-eabi/lib/thumb/v7e-m+fp/hard\libc_nano.a(lib_a-fwalk.o)
[...]
Memory Configuration

Name             Origin             Length             Attributes
RAM              0x0000000020000000 0x0000000000018000 xrw
RAM2             0x0000000010000000 0x0000000000008000 xrw
FLASH            0x0000000008000000 0x0000000000100000 xr
*default*        0x0000000000000000 0xffffffffffffffff

Linker script and memory map

LOAD d:/st/stm32cubeide_1.10.1/stm32cubeide/plugins/com.st.stm32cube.ide.mcu.externaltools.gnu-tools-for-stm32.10.3-2021.10.win32_1.0.0.202111181127/tools/bin/../lib/gcc/arm-none-eabi/10.3.1/thumb/v7e-m+fp/hard/crti.o
LOAD d:/st/stm32cubeide_1.10.1/stm32cubeide/plugins/com.st.stm32cube.ide.mcu.externaltools.gnu-tools-for-stm32.10.3-2021.10.win32_1.0.0.202111181127/tools/bin/../lib/gcc/arm-none-eabi/10.3.1/thumb/v7e-m+fp/hard/crtbegin.o
LOAD d:/st/stm32cubeide_1.10.1/stm32cubeide/plugins/com.st.stm32cube.ide.mcu.externaltools.gnu-tools-for-stm32.10.3-2021.10.win32_1.0.0.202111181127/tools/bin/../lib/gcc/arm-none-eabi/10.3.1/../../../../arm-none-eabi/lib/thumb/v7e-m+fp/hard/crt0.o
LOAD ./Core/Src/dma.o
LOAD ./Core/Src/gpio.o
LOAD ./Core/Src/i2c.o
LOAD ./Core/Src/lcd.o
LOAD ./Core/Src/lps25hb.o
LOAD ./Core/Src/main.o
LOAD ./Core/Src/spi.o
LOAD ./Core/Src/stm32l4xx_hal_msp.o
LOAD ./Core/Src/stm32l4xx_it.o
LOAD ./Core/Src/syscalls.o
LOAD ./Core/Src/sysmem.o
LOAD ./Core/Src/system_stm32l4xx.o
LOAD ./Core/Src/usart.o
LOAD ./Core/Startup/startup_stm32l476rgtx.o
LOAD ./Drivers/STM32L4xx_HAL_Driver/Src/stm32l4xx_hal.o
LOAD ./Drivers/STM32L4xx_HAL_Driver/Src/stm32l4xx_hal_cortex.o
LOAD ./Drivers/STM32L4xx_HAL_Driver/Src/stm32l4xx_hal_dma.o
LOAD ./Drivers/STM32L4xx_HAL_Driver/Src/stm32l4xx_hal_dma_ex.o
LOAD ./Drivers/STM32L4xx_HAL_Driver/Src/stm32l4xx_hal_exti.o
LOAD ./Drivers/STM32L4xx_HAL_Driver/Src/stm32l4xx_hal_flash.o
LOAD ./Drivers/STM32L4xx_HAL_Driver/Src/stm32l4xx_hal_flash_ex.o
LOAD ./Drivers/STM32L4xx_HAL_Driver/Src/stm32l4xx_hal_flash_ramfunc.o
LOAD ./Drivers/STM32L4xx_HAL_Driver/Src/stm32l4xx_hal_gpio.o
LOAD ./Drivers/STM32L4xx_HAL_Driver/Src/stm32l4xx_hal_i2c.o
LOAD ./Drivers/STM32L4xx_HAL_Driver/Src/stm32l4xx_hal_i2c_ex.o
LOAD ./Drivers/STM32L4xx_HAL_Driver/Src/stm32l4xx_hal_pwr.o
LOAD ./Drivers/STM32L4xx_HAL_Driver/Src/stm32l4xx_hal_pwr_ex.o
LOAD ./Drivers/STM32L4xx_HAL_Driver/Src/stm32l4xx_hal_rcc.o
LOAD ./Drivers/STM32L4xx_HAL_Driver/Src/stm32l4xx_hal_rcc_ex.o
LOAD ./Drivers/STM32L4xx_HAL_Driver/Src/stm32l4xx_hal_spi.o
LOAD ./Drivers/STM32L4xx_HAL_Driver/Src/stm32l4xx_hal_spi_ex.o
LOAD ./Drivers/STM32L4xx_HAL_Driver/Src/stm32l4xx_hal_tim.o
LOAD ./Drivers/STM32L4xx_HAL_Driver/Src/stm32l4xx_hal_tim_ex.o
LOAD ./Drivers/STM32L4xx_HAL_Driver/Src/stm32l4xx_hal_uart.o
LOAD ./Drivers/STM32L4xx_HAL_Driver/Src/stm32l4xx_hal_uart_ex.o
LOAD ./hagl/src/bitmap.o
LOAD ./hagl/src/clip.o
LOAD ./hagl/src/fontx.o
LOAD ./hagl/src/hagl.o
LOAD ./hagl/src/hsl.o
LOAD ./hagl/src/rgb565.o
LOAD ./hagl/src/rgb888.o
LOAD ./hagl/src/tjpgd.o
START GROUP
LOAD d:/st/stm32cubeide_1.10.1/stm32cubeide/plugins/com.st.stm32cube.ide.mcu.externaltools.gnu-tools-for-stm32.10.3-2021.10.win32_1.0.0.202111181127/tools/bin/../lib/gcc/arm-none-eabi/10.3.1/../../../../arm-none-eabi/lib/thumb/v7e-m+fp/hard\libc_nano.a
LOAD d:/st/stm32cubeide_1.10.1/stm32cubeide/plugins/com.st.stm32cube.ide.mcu.externaltools.gnu-tools-for-stm32.10.3-2021.10.win32_1.0.0.202111181127/tools/bin/../lib/gcc/arm-none-eabi/10.3.1/../../../../arm-none-eabi/lib/thumb/v7e-m+fp/hard\libm.a
END GROUP
START GROUP
LOAD d:/st/stm32cubeide_1.10.1/stm32cubeide/plugins/com.st.stm32cube.ide.mcu.externaltools.gnu-tools-for-stm32.10.3-2021.10.win32_1.0.0.202111181127/tools/bin/../lib/gcc/arm-none-eabi/10.3.1/thumb/v7e-m+fp/hard\libgcc.a
LOAD d:/st/stm32cubeide_1.10.1/stm32cubeide/plugins/com.st.stm32cube.ide.mcu.externaltools.gnu-tools-for-stm32.10.3-2021.10.win32_1.0.0.202111181127/tools/bin/../lib/gcc/arm-none-eabi/10.3.1/../../../../arm-none-eabi/lib/thumb/v7e-m+fp/hard\libc_nano.a
END GROUP
START GROUP
LOAD d:/st/stm32cubeide_1.10.1/stm32cubeide/plugins/com.st.stm32cube.ide.mcu.externaltools.gnu-tools-for-stm32.10.3-2021.10.win32_1.0.0.202111181127/tools/bin/../lib/gcc/arm-none-eabi/10.3.1/thumb/v7e-m+fp/hard\libgcc.a
LOAD d:/st/stm32cubeide_1.10.1/stm32cubeide/plugins/com.st.stm32cube.ide.mcu.externaltools.gnu-tools-for-stm32.10.3-2021.10.win32_1.0.0.202111181127/tools/bin/../lib/gcc/arm-none-eabi/10.3.1/../../../../arm-none-eabi/lib/thumb/v7e-m+fp/hard\libc_nano.a
LOAD d:/st/stm32cubeide_1.10.1/stm32cubeide/plugins/com.st.stm32cube.ide.mcu.externaltools.gnu-tools-for-stm32.10.3-2021.10.win32_1.0.0.202111181127/tools/bin/../lib/gcc/arm-none-eabi/10.3.1/../../../../arm-none-eabi/lib/thumb/v7e-m+fp/hard\libnosys.a
END GROUP
START GROUP
LOAD d:/st/stm32cubeide_1.10.1/stm32cubeide/plugins/com.st.stm32cube.ide.mcu.externaltools.gnu-tools-for-stm32.10.3-2021.10.win32_1.0.0.202111181127/tools/bin/../lib/gcc/arm-none-eabi/10.3.1/thumb/v7e-m+fp/hard\libgcc.a
LOAD d:/st/stm32cubeide_1.10.1/stm32cubeide/plugins/com.st.stm32cube.ide.mcu.externaltools.gnu-tools-for-stm32.10.3-2021.10.win32_1.0.0.202111181127/tools/bin/../lib/gcc/arm-none-eabi/10.3.1/../../../../arm-none-eabi/lib/thumb/v7e-m+fp/hard\libc_nano.a
LOAD d:/st/stm32cubeide_1.10.1/stm32cubeide/plugins/com.st.stm32cube.ide.mcu.externaltools.gnu-tools-for-stm32.10.3-2021.10.win32_1.0.0.202111181127/tools/bin/../lib/gcc/arm-none-eabi/10.3.1/../../../../arm-none-eabi/lib/thumb/v7e-m+fp/hard\libnosys.a
END GROUP
LOAD d:/st/stm32cubeide_1.10.1/stm32cubeide/plugins/com.st.stm32cube.ide.mcu.externaltools.gnu-tools-for-stm32.10.3-2021.10.win32_1.0.0.202111181127/tools/bin/../lib/gcc/arm-none-eabi/10.3.1/thumb/v7e-m+fp/hard/crtend.o
LOAD d:/st/stm32cubeide_1.10.1/stm32cubeide/plugins/com.st.stm32cube.ide.mcu.externaltools.gnu-tools-for-stm32.10.3-2021.10.win32_1.0.0.202111181127/tools/bin/../lib/gcc/arm-none-eabi/10.3.1/thumb/v7e-m+fp/hard/crtn.o
                0x0000000020018000                _estack = (ORIGIN (RAM) + LENGTH (RAM))
                0x0000000000000200                _Min_Heap_Size = 0x200
                0x0000000000000400                _Min_Stack_Size = 0x400

.isr_vector     0x0000000008000000      0x188
                0x0000000008000000                . = ALIGN (0x4)
 *(.isr_vector)
 .isr_vector    0x0000000008000000      0x188 ./Core/Startup/startup_stm32l476rgtx.o
                0x0000000008000000                g_pfnVectors
                0x0000000008000188                . = ALIGN (0x4)

.text           0x0000000008000190     0x98c0
                0x0000000008000190                . = ALIGN (0x4)
 *(.text)
 .text          0x0000000008000190       0x40 d:/st/stm32cubeide_1.10.1/stm32cubeide/plugins/com.st.stm32cube.ide.mcu.externaltools.gnu-tools-for-stm32.10.3-2021.10.win32_1.0.0.202111181127/tools/bin/../lib/gcc/arm-none-eabi/10.3.1/thumb/v7e-m+fp/hard/crtbegin.o
 .text          0x00000000080001d0       0x14 d:/st/stm32cubeide_1.10.1/stm32cubeide/plugins/com.st.stm32cube.ide.mcu.externaltools.gnu-tools-for-stm32.10.3-2021.10.win32_1.0.0.202111181127/tools/bin/../lib/gcc/arm-none-eabi/10.3.1/../../../../arm-none-eabi/lib/thumb/v7e-m+fp/hard\libc_nano.a(lib_a-strcmp.o)
                0x00000000080001d0                strcmp
 .text          0x00000000080001e4       0x10 d:/st/stm32cubeide_1.10.1/stm32cubeide/plugins/com.st.stm32cube.ide.mcu.externaltools.gnu-tools-for-stm32.10.3-2021.10.win32_1.0.0.202111181127/tools/bin/../lib/gcc/arm-none-eabi/10.3.1/../../../../arm-none-eabi/lib/thumb/v7e-m+fp/hard\libc_nano.a(lib_a-strlen.o)
                0x00000000080001e4                strlen
 *fill*         0x00000000080001f4        0xc 
 .text          0x0000000008000200       0xa0 d:/st/stm32cubeide_1.10.1/stm32cubeide/plugins/com.st.stm32cube.ide.mcu.externaltools.gnu-tools-for-stm32.10.3-2021.10.win32_1.0.0.202111181127/tools/bin/../lib/gcc/arm-none-eabi/10.3.1/../../../../arm-none-eabi/lib/thumb/v7e-m+fp/hard\libc_nano.a(lib_a-memchr.o)
                0x0000000008000200                memchr
 .text          0x00000000080002a0      0x378 d:/st/stm32cubeide_1.10.1/stm32cubeide/plugins/com.st.stm32cube.ide.mcu.externaltools.gnu-tools-for-stm32.10.3-2021.10.win32_1.0.0.202111181127/tools/bin/../lib/gcc/arm-none-eabi/10.3.1/thumb/v7e-m+fp/hard\libgcc.a(_arm_addsubdf3.o)
                0x00000000080002a0                __aeabi_drsub
                0x00000000080002a8                __aeabi_dsub
                0x00000000080002a8                __subdf3
                0x00000000080002ac                __aeabi_dadd
                0x00000000080002ac                __adddf3
                0x0000000008000524                __floatunsidf
                0x0000000008000524                __aeabi_ui2d
                0x0000000008000544                __floatsidf
                0x0000000008000544                __aeabi_i2d
                0x0000000008000568                __aeabi_f2d
                0x0000000008000568                __extendsfdf2
                0x00000000080005ac                __floatundidf
                0x00000000080005ac                __aeabi_ul2d
                0x00000000080005bc                __floatdidf
                0x00000000080005bc                __aeabi_l2d
 .text          0x0000000008000618      0x424 d:/st/stm32cubeide_1.10.1/stm32cubeide/plugins/com.st.stm32cube.ide.mcu.externaltools.gnu-tools-for-stm32.10.3-2021.10.win32_1.0.0.202111181127/tools/bin/../lib/gcc/arm-none-eabi/10.3.1/thumb/v7e-m+fp/hard\libgcc.a(_arm_muldivdf3.o)
                0x0000000008000618                __aeabi_dmul
                0x0000000008000618                __muldf3
                0x000000000800086c                __divdf3
                0x000000000800086c                __aeabi_ddiv
 .text          0x0000000008000a3c      0x110 d:/st/stm32cubeide_1.10.1/stm32cubeide/plugins/com.st.stm32cube.ide.mcu.externaltools.gnu-tools-for-stm32.10.3-2021.10.win32_1.0.0.202111181127/tools/bin/../lib/gcc/arm-none-eabi/10.3.1/thumb/v7e-m+fp/hard\libgcc.a(_arm_cmpdf2.o)
                0x0000000008000a3c                __gtdf2
                0x0000000008000a3c                __gedf2
                0x0000000008000a44                __ltdf2
                0x0000000008000a44                __ledf2
                0x0000000008000a4c                __nedf2
                0x0000000008000a4c                __eqdf2
                0x0000000008000a4c                __cmpdf2
                0x0000000008000ac8                __aeabi_cdrcmple
                0x0000000008000ad8                __aeabi_cdcmpeq
                0x0000000008000ad8                __aeabi_cdcmple
                0x0000000008000ae8                __aeabi_dcmpeq
                0x0000000008000afc                __aeabi_dcmplt
                0x0000000008000b10                __aeabi_dcmple
                0x0000000008000b24                __aeabi_dcmpge
                0x0000000008000b38                __aeabi_dcmpgt
 .text          0x0000000008000b4c       0x2c d:/st/stm32cubeide_1.10.1/stm32cubeide/plugins/com.st.stm32cube.ide.mcu.externaltools.gnu-tools-for-stm32.10.3-2021.10.win32_1.0.0.202111181127/tools/bin/../lib/gcc/arm-none-eabi/10.3.1/thumb/v7e-m+fp/hard\libgcc.a(_arm_unorddf2.o)
                0x0000000008000b4c                __unorddf2
                0x0000000008000b4c                __aeabi_dcmpun
 .text          0x0000000008000b78       0x50 d:/st/stm32cubeide_1.10.1/stm32cubeide/plugins/com.st.stm32cube.ide.mcu.externaltools.gnu-tools-for-stm32.10.3-2021.10.win32_1.0.0.202111181127/tools/bin/../lib/gcc/arm-none-eabi/10.3.1/thumb/v7e-m+fp/hard\libgcc.a(_arm_fixdfsi.o)
                0x0000000008000b78                __aeabi_d2iz
                0x0000000008000b78                __fixdfsi
 .text          0x0000000008000bc8       0x30 d:/st/stm32cubeide_1.10.1/stm32cubeide/plugins/com.st.stm32cube.ide.mcu.externaltools.gnu-tools-for-stm32.10.3-2021.10.win32_1.0.0.202111181127/tools/bin/../lib/gcc/arm-none-eabi/10.3.1/thumb/v7e-m+fp/hard\libgcc.a(_aeabi_uldivmod.o)
                0x0000000008000bc8                __aeabi_uldivmod
 .text          0x0000000008000bf8      0x2d0 d:/st/stm32cubeide_1.10.1/stm32cubeide/plugins/com.st.stm32cube.ide.mcu.externaltools.gnu-tools-for-stm32.10.3-2021.10.win32_1.0.0.202111181127/tools/bin/../lib/gcc/arm-none-eabi/10.3.1/thumb/v7e-m+fp/hard\libgcc.a(_udivmoddi4.o)
                0x0000000008000bf8                __udivmoddi4
 .text          0x0000000008000ec8        0x4 d:/st/stm32cubeide_1.10.1/stm32cubeide/plugins/com.st.stm32cube.ide.mcu.externaltools.gnu-tools-for-stm32.10.3-2021.10.win32_1.0.0.202111181127/tools/bin/../lib/gcc/arm-none-eabi/10.3.1/thumb/v7e-m+fp/hard\libgcc.a(_dvmd_tls.o)
                0x0000000008000ec8                __aeabi_idiv0
                0x0000000008000ec8                __aeabi_ldiv0
 *(.text*)
 .text.MX_DMA_Init
                0x0000000008000ecc       0x3c ./Core/Src/dma.o
                0x0000000008000ecc                MX_DMA_Init
 .text.MX_GPIO_Init
                0x0000000008000f08      0x108 ./Core/Src/gpio.o
                0x0000000008000f08                MX_GPIO_Init
 .text.MX_I2C1_Init
                0x0000000008001010       0x80 ./Core/Src/i2c.o
                0x0000000008001010                MX_I2C1_Init
 .text.HAL_I2C_MspInit
                0x0000000008001090       0xbc ./Core/Src/i2c.o
                0x0000000008001090                HAL_I2C_MspInit
 .text.lcd_cmd  0x000000000800114c       0x4c ./Core/Src/lcd.o
 .text.lcd_data
                0x0000000008001198       0x4c ./Core/Src/lcd.o
 .text.lcd_send
                0x00000000080011e4       0x32 ./Core/Src/lcd.o
 *fill*         0x0000000008001216        0x2 
 .text.lcd_init
                0x0000000008001218       0x70 ./Core/Src/lcd.o
                0x0000000008001218                lcd_init
 .text.lcd_data16
                0x0000000008001288       0x2a ./Core/Src/lcd.o
 .text.lcd_set_window
                0x00000000080012b2       0x66 ./Core/Src/lcd.o
 .text.lcd_put_pixel
                0x0000000008001318       0x38 ./Core/Src/lcd.o
                0x0000000008001318                lcd_put_pixel
 .text.lcd_copy
                0x0000000008001350       0x4c ./Core/Src/lcd.o
                0x0000000008001350                lcd_copy
 .text.lps_read_reg
                0x000000000800139c       0x38 ./Core/Src/lps25hb.o
 .text.lps_write_reg
                0x00000000080013d4       0x38 ./Core/Src/lps25hb.o
 .text.lps25hb_init
                0x000000000800140c       0x22 ./Core/Src/lps25hb.o
                0x000000000800140c                lps25hb_init
 *fill*         0x000000000800142e        0x2 
 .text.lps25hb_read_temp
                0x0000000008001430       0x5c ./Core/Src/lps25hb.o
                0x0000000008001430                lps25hb_read_temp
 .text.__io_putchar
                0x000000000800148c       0x30 ./Core/Src/main.o
                0x000000000800148c                __io_putchar
 .text.main     0x00000000080014bc       0xe8 ./Core/Src/main.o
                0x00000000080014bc                main
 .text.SystemClock_Config
                0x00000000080015a4       0xa2 ./Core/Src/main.o
                0x00000000080015a4                SystemClock_Config
 .text.Error_Handler
                0x0000000008001646        0xa ./Core/Src/main.o
                0x0000000008001646                Error_Handler
 .text.MX_SPI2_Init
                0x0000000008001650       0x7c ./Core/Src/spi.o
                0x0000000008001650                MX_SPI2_Init
 .text.HAL_SPI_MspInit
                0x00000000080016cc      0x120 ./Core/Src/spi.o
                0x00000000080016cc                HAL_SPI_MspInit
 .text.HAL_MspInit
                0x00000000080017ec       0x48 ./Core/Src/stm32l4xx_hal_msp.o
                0x00000000080017ec                HAL_MspInit
 .text.NMI_Handler
                0x0000000008001834        0x6 ./Core/Src/stm32l4xx_it.o
                0x0000000008001834                NMI_Handler
 .text.HardFault_Handler
                0x000000000800183a        0x6 ./Core/Src/stm32l4xx_it.o
                0x000000000800183a                HardFault_Handler
 .text.MemManage_Handler
                0x0000000008001840        0x6 ./Core/Src/stm32l4xx_it.o
                0x0000000008001840                MemManage_Handler
 .text.BusFault_Handler
                0x0000000008001846        0x6 ./Core/Src/stm32l4xx_it.o
                0x0000000008001846                BusFault_Handler
 .text.UsageFault_Handler
                0x000000000800184c        0x6 ./Core/Src/stm32l4xx_it.o
                0x000000000800184c                UsageFault_Handler
 .text.SVC_Handler
                0x0000000008001852        0xe ./Core/Src/stm32l4xx_it.o
                0x0000000008001852                SVC_Handler
 .text.DebugMon_Handler
                0x0000000008001860        0xe ./Core/Src/stm32l4xx_it.o
                0x0000000008001860                DebugMon_Handler
 .text.PendSV_Handler
                0x000000000800186e        0xe ./Core/Src/stm32l4xx_it.o
                0x000000000800186e                PendSV_Handler
 .text.SysTick_Handler
                0x000000000800187c        0xc ./Core/Src/stm32l4xx_it.o
                0x000000000800187c                SysTick_Handler
 .text.DMA1_Channel5_IRQHandler
                0x0000000008001888       0x14 ./Core/Src/stm32l4xx_it.o
                0x0000000008001888                DMA1_Channel5_IRQHandler
 .text.USART2_IRQHandler
                0x000000000800189c       0x14 ./Core/Src/stm32l4xx_it.o
                0x000000000800189c                USART2_IRQHandler
 .text._getpid  0x00000000080018b0       0x10 ./Core/Src/syscalls.o
                0x00000000080018b0                _getpid
 .text._kill    0x00000000080018c0       0x20 ./Core/Src/syscalls.o
                0x00000000080018c0                _kill
 .text._exit    0x00000000080018e0       0x14 ./Core/Src/syscalls.o
                0x00000000080018e0                _exit
 .text._read    0x00000000080018f4       0x3a ./Core/Src/syscalls.o
                0x00000000080018f4                _read
 .text._write   0x000000000800192e       0x38 ./Core/Src/syscalls.o
                0x000000000800192e                _write
 .text._close   0x0000000008001966       0x18 ./Core/Src/syscalls.o
                0x0000000008001966                _close
 .text._fstat   0x000000000800197e       0x20 ./Core/Src/syscalls.o
                0x000000000800197e                _fstat
 .text._isatty  0x000000000800199e       0x16 ./Core/Src/syscalls.o
                0x000000000800199e                _isatty
 .text._lseek   0x00000000080019b4       0x1a ./Core/Src/syscalls.o
                0x00000000080019b4                _lseek
 *fill*         0x00000000080019ce        0x2 
 .text._sbrk    0x00000000080019d0       0x6c ./Core/Src/sysmem.o
                0x00000000080019d0                _sbrk
 .text.SystemInit
                0x0000000008001a3c       0x24 ./Core/Src/system_stm32l4xx.o
                0x0000000008001a3c                SystemInit
 .text.MX_USART2_UART_Init
                0x0000000008001a60       0x60 ./Core/Src/usart.o
                0x0000000008001a60                MX_USART2_UART_Init
 .text.HAL_UART_MspInit
                0x0000000008001ac0       0xc8 ./Core/Src/usart.o
                0x0000000008001ac0                HAL_UART_MspInit
 .text.Reset_Handler
                0x0000000008001b88       0x50 ./Core/Startup/startup_stm32l476rgtx.o
                0x0000000008001b88                Reset_Handler
 .text.Default_Handler
                0x0000000008001bd8        0x2 ./Core/Startup/startup_stm32l476rgtx.o
                0x0000000008001bd8                RTC_Alarm_IRQHandler
                0x0000000008001bd8                EXTI2_IRQHandler
                0x0000000008001bd8                TIM8_TRG_COM_IRQHandler
                0x0000000008001bd8                TIM8_CC_IRQHandler
                0x0000000008001bd8                TIM1_CC_IRQHandler
                0x0000000008001bd8                TSC_IRQHandler
                0x0000000008001bd8                TAMP_STAMP_IRQHandler
                0x0000000008001bd8                EXTI3_IRQHandler
                0x0000000008001bd8                LPTIM2_IRQHandler
                0x0000000008001bd8                DFSDM1_FLT1_IRQHandler
                0x0000000008001bd8                I2C3_ER_IRQHandler
                0x0000000008001bd8                DFSDM1_FLT2_IRQHandler
                0x0000000008001bd8                EXTI0_IRQHandler
                0x0000000008001bd8                I2C2_EV_IRQHandler
                0x0000000008001bd8                CAN1_RX0_IRQHandler
                0x0000000008001bd8                FPU_IRQHandler
                0x0000000008001bd8                TIM1_UP_TIM16_IRQHandler
                0x0000000008001bd8                ADC1_2_IRQHandler
                0x0000000008001bd8                SPI1_IRQHandler
                0x0000000008001bd8                TIM6_DAC_IRQHandler
                0x0000000008001bd8                TIM8_UP_IRQHandler
                0x0000000008001bd8                DMA2_Channel2_IRQHandler
                0x0000000008001bd8                DMA1_Channel4_IRQHandler
                0x0000000008001bd8                SAI2_IRQHandler
                0x0000000008001bd8                DFSDM1_FLT3_IRQHandler
                0x0000000008001bd8                USART3_IRQHandler
                0x0000000008001bd8                DMA1_Channel7_IRQHandler
                0x0000000008001bd8                CAN1_RX1_IRQHandler
                0x0000000008001bd8                LCD_IRQHandler
                0x0000000008001bd8                UART5_IRQHandler
                0x0000000008001bd8                ADC3_IRQHandler
                0x0000000008001bd8                TIM4_IRQHandler
                0x0000000008001bd8                DMA2_Channel1_IRQHandler
                0x0000000008001bd8                QUADSPI_IRQHandler
                0x0000000008001bd8                I2C1_EV_IRQHandler
                0x0000000008001bd8                DMA1_Channel6_IRQHandler
                0x0000000008001bd8                UART4_IRQHandler
                0x0000000008001bd8                DMA2_Channel4_IRQHandler
                0x0000000008001bd8                TIM3_IRQHandler
                0x0000000008001bd8                RCC_IRQHandler
                0x0000000008001bd8                DMA1_Channel1_IRQHandler
                0x0000000008001bd8                Default_Handler
                0x0000000008001bd8                DMA2_Channel7_IRQHandler
                0x0000000008001bd8                EXTI15_10_IRQHandler
                0x0000000008001bd8                TIM7_IRQHandler
                0x0000000008001bd8                SDMMC1_IRQHandler
                0x0000000008001bd8                TIM5_IRQHandler
                0x0000000008001bd8                I2C3_EV_IRQHandler
                0x0000000008001bd8                EXTI9_5_IRQHandler
                0x0000000008001bd8                RTC_WKUP_IRQHandler
                0x0000000008001bd8                PVD_PVM_IRQHandler
                0x0000000008001bd8                SPI2_IRQHandler
                0x0000000008001bd8                CAN1_TX_IRQHandler
                0x0000000008001bd8                DMA2_Channel5_IRQHandler
                0x0000000008001bd8                EXTI4_IRQHandler
                0x0000000008001bd8                RNG_IRQHandler
                0x0000000008001bd8                TIM1_TRG_COM_TIM17_IRQHandler
                0x0000000008001bd8                DMA1_Channel3_IRQHandler
                0x0000000008001bd8                COMP_IRQHandler
                0x0000000008001bd8                WWDG_IRQHandler
                0x0000000008001bd8                LPUART1_IRQHandler
                0x0000000008001bd8                DMA2_Channel6_IRQHandler
                0x0000000008001bd8                TIM2_IRQHandler
                0x0000000008001bd8                EXTI1_IRQHandler
                0x0000000008001bd8                DFSDM1_FLT0_IRQHandler
                0x0000000008001bd8                I2C2_ER_IRQHandler
                0x0000000008001bd8                DMA1_Channel2_IRQHandler
                0x0000000008001bd8                TIM8_BRK_IRQHandler
                0x0000000008001bd8                CAN1_SCE_IRQHandler
                0x0000000008001bd8                FLASH_IRQHandler
                0x0000000008001bd8                USART1_IRQHandler
                0x0000000008001bd8                OTG_FS_IRQHandler
                0x0000000008001bd8                SPI3_IRQHandler
                0x0000000008001bd8                I2C1_ER_IRQHandler
                0x0000000008001bd8                FMC_IRQHandler
                0x0000000008001bd8                SWPMI1_IRQHandler
                0x0000000008001bd8                LPTIM1_IRQHandler
                0x0000000008001bd8                SAI1_IRQHandler
                0x0000000008001bd8                DMA2_Channel3_IRQHandler
                0x0000000008001bd8                TIM1_BRK_TIM15_IRQHandler
 *fill*         0x0000000008001bda        0x2 
 .text.HAL_Init
                0x0000000008001bdc       0x40 ./Drivers/STM32L4xx_HAL_Driver/Src/stm32l4xx_hal.o
                0x0000000008001bdc                HAL_Init
 .text.HAL_InitTick
                0x0000000008001c1c       0x78 ./Drivers/STM32L4xx_HAL_Driver/Src/stm32l4xx_hal.o
                0x0000000008001c1c                HAL_InitTick
 .text.HAL_IncTick
                0x0000000008001c94       0x28 ./Drivers/STM32L4xx_HAL_Driver/Src/stm32l4xx_hal.o
                0x0000000008001c94                HAL_IncTick
 .text.HAL_GetTick
                0x0000000008001cbc       0x18 ./Drivers/STM32L4xx_HAL_Driver/Src/stm32l4xx_hal.o
                0x0000000008001cbc                HAL_GetTick
 .text.HAL_Delay
                0x0000000008001cd4       0x48 ./Drivers/STM32L4xx_HAL_Driver/Src/stm32l4xx_hal.o
                0x0000000008001cd4                HAL_Delay
 .text.__NVIC_SetPriorityGrouping
                0x0000000008001d1c       0x48 ./Drivers/STM32L4xx_HAL_Driver/Src/stm32l4xx_hal_cortex.o
 .text.__NVIC_GetPriorityGrouping
                0x0000000008001d64       0x1c ./Drivers/STM32L4xx_HAL_Driver/Src/stm32l4xx_hal_cortex.o
 .text.__NVIC_EnableIRQ
                0x0000000008001d80       0x3c ./Drivers/STM32L4xx_HAL_Driver/Src/stm32l4xx_hal_cortex.o
 .text.__NVIC_SetPriority
                0x0000000008001dbc       0x54 ./Drivers/STM32L4xx_HAL_Driver/Src/stm32l4xx_hal_cortex.o
 .text.NVIC_EncodePriority
                0x0000000008001e10       0x66 ./Drivers/STM32L4xx_HAL_Driver/Src/stm32l4xx_hal_cortex.o
 *fill*         0x0000000008001e76        0x2 
 .text.SysTick_Config
                0x0000000008001e78       0x44 ./Drivers/STM32L4xx_HAL_Driver/Src/stm32l4xx_hal_cortex.o
 .text.HAL_NVIC_SetPriorityGrouping
                0x0000000008001ebc       0x16 ./Drivers/STM32L4xx_HAL_Driver/Src/stm32l4xx_hal_cortex.o
                0x0000000008001ebc                HAL_NVIC_SetPriorityGrouping
 .text.HAL_NVIC_SetPriority
                0x0000000008001ed2       0x38 ./Drivers/STM32L4xx_HAL_Driver/Src/stm32l4xx_hal_cortex.o
                0x0000000008001ed2                HAL_NVIC_SetPriority
 .text.HAL_NVIC_EnableIRQ
                0x0000000008001f0a       0x1c ./Drivers/STM32L4xx_HAL_Driver/Src/stm32l4xx_hal_cortex.o
                0x0000000008001f0a                HAL_NVIC_EnableIRQ
 .text.HAL_SYSTICK_Config
                0x0000000008001f26       0x18 ./Drivers/STM32L4xx_HAL_Driver/Src/stm32l4xx_hal_cortex.o
                0x0000000008001f26                HAL_SYSTICK_Config
 *fill*         0x0000000008001f3e        0x2 
 .text.HAL_DMA_Init
                0x0000000008001f40      0x170 ./Drivers/STM32L4xx_HAL_Driver/Src/stm32l4xx_hal_dma.o
                0x0000000008001f40                HAL_DMA_Init
 .text.HAL_DMA_Start_IT
                0x00000000080020b0       0xc0 ./Drivers/STM32L4xx_HAL_Driver/Src/stm32l4xx_hal_dma.o
                0x00000000080020b0                HAL_DMA_Start_IT
 .text.HAL_DMA_Abort
                0x0000000008002170       0x7c ./Drivers/STM32L4xx_HAL_Driver/Src/stm32l4xx_hal_dma.o
                0x0000000008002170                HAL_DMA_Abort
 .text.HAL_DMA_Abort_IT
                0x00000000080021ec       0x82 ./Drivers/STM32L4xx_HAL_Driver/Src/stm32l4xx_hal_dma.o
                0x00000000080021ec                HAL_DMA_Abort_IT
 .text.HAL_DMA_IRQHandler
                0x000000000800226e      0x15e ./Drivers/STM32L4xx_HAL_Driver/Src/stm32l4xx_hal_dma.o
                0x000000000800226e                HAL_DMA_IRQHandler
 .text.DMA_SetConfig
                0x00000000080023cc       0x60 ./Drivers/STM32L4xx_HAL_Driver/Src/stm32l4xx_hal_dma.o
 .text.HAL_GPIO_Init
                0x000000000800242c      0x354 ./Drivers/STM32L4xx_HAL_Driver/Src/stm32l4xx_hal_gpio.o
                0x000000000800242c                HAL_GPIO_Init
 .text.HAL_GPIO_WritePin
                0x0000000008002780       0x30 ./Drivers/STM32L4xx_HAL_Driver/Src/stm32l4xx_hal_gpio.o
                0x0000000008002780                HAL_GPIO_WritePin
 .text.HAL_I2C_Init
                0x00000000080027b0      0x11e ./Drivers/STM32L4xx_HAL_Driver/Src/stm32l4xx_hal_i2c.o
                0x00000000080027b0                HAL_I2C_Init
 *fill*         0x00000000080028ce        0x2 
 .text.HAL_I2C_Mem_Write
                0x00000000080028d0      0x228 ./Drivers/STM32L4xx_HAL_Driver/Src/stm32l4xx_hal_i2c.o
                0x00000000080028d0                HAL_I2C_Mem_Write
 .text.HAL_I2C_Mem_Read
                0x0000000008002af8      0x234 ./Drivers/STM32L4xx_HAL_Driver/Src/stm32l4xx_hal_i2c.o
                0x0000000008002af8                HAL_I2C_Mem_Read
 .text.I2C_RequestMemoryWrite
                0x0000000008002d2c       0xa8 ./Drivers/STM32L4xx_HAL_Driver/Src/stm32l4xx_hal_i2c.o
 .text.I2C_RequestMemoryRead
                0x0000000008002dd4       0xa8 ./Drivers/STM32L4xx_HAL_Driver/Src/stm32l4xx_hal_i2c.o
 .text.I2C_Flush_TXDR
                0x0000000008002e7c       0x48 ./Drivers/STM32L4xx_HAL_Driver/Src/stm32l4xx_hal_i2c.o
 .text.I2C_WaitOnFlagUntilTimeout
                0x0000000008002ec4       0x80 ./Drivers/STM32L4xx_HAL_Driver/Src/stm32l4xx_hal_i2c.o
 .text.I2C_WaitOnTXISFlagUntilTimeout
                0x0000000008002f44       0x80 ./Drivers/STM32L4xx_HAL_Driver/Src/stm32l4xx_hal_i2c.o
 .text.I2C_WaitOnSTOPFlagUntilTimeout
                0x0000000008002fc4       0x78 ./Drivers/STM32L4xx_HAL_Driver/Src/stm32l4xx_hal_i2c.o
 .text.I2C_IsErrorOccurred
                0x000000000800303c      0x1d8 ./Drivers/STM32L4xx_HAL_Driver/Src/stm32l4xx_hal_i2c.o
 .text.I2C_TransferConfig
                0x0000000008003214       0x64 ./Drivers/STM32L4xx_HAL_Driver/Src/stm32l4xx_hal_i2c.o
 .text.HAL_I2CEx_ConfigAnalogFilter
                0x0000000008003278       0x96 ./Drivers/STM32L4xx_HAL_Driver/Src/stm32l4xx_hal_i2c_ex.o
                0x0000000008003278                HAL_I2CEx_ConfigAnalogFilter
 .text.HAL_I2CEx_ConfigDigitalFilter
                0x000000000800330e       0x98 ./Drivers/STM32L4xx_HAL_Driver/Src/stm32l4xx_hal_i2c_ex.o
                0x000000000800330e                HAL_I2CEx_ConfigDigitalFilter
 *fill*         0x00000000080033a6        0x2 
 .text.HAL_PWREx_GetVoltageRange
                0x00000000080033a8       0x1c ./Drivers/STM32L4xx_HAL_Driver/Src/stm32l4xx_hal_pwr_ex.o
                0x00000000080033a8                HAL_PWREx_GetVoltageRange
 .text.HAL_PWREx_ControlVoltageScaling
                0x00000000080033c4       0xac ./Drivers/STM32L4xx_HAL_Driver/Src/stm32l4xx_hal_pwr_ex.o
                0x00000000080033c4                HAL_PWREx_ControlVoltageScaling
 .text.HAL_RCC_OscConfig
                0x0000000008003470      0x7b8 ./Drivers/STM32L4xx_HAL_Driver/Src/stm32l4xx_hal_rcc.o
                0x0000000008003470                HAL_RCC_OscConfig
 .text.HAL_RCC_ClockConfig
                0x0000000008003c28      0x200 ./Drivers/STM32L4xx_HAL_Driver/Src/stm32l4xx_hal_rcc.o
                0x0000000008003c28                HAL_RCC_ClockConfig
 .text.HAL_RCC_GetSysClockFreq
                0x0000000008003e28      0x118 ./Drivers/STM32L4xx_HAL_Driver/Src/stm32l4xx_hal_rcc.o
                0x0000000008003e28                HAL_RCC_GetSysClockFreq
 .text.HAL_RCC_GetHCLKFreq
                0x0000000008003f40       0x18 ./Drivers/STM32L4xx_HAL_Driver/Src/stm32l4xx_hal_rcc.o
                0x0000000008003f40                HAL_RCC_GetHCLKFreq
 .text.HAL_RCC_GetPCLK1Freq
                0x0000000008003f58       0x2c ./Drivers/STM32L4xx_HAL_Driver/Src/stm32l4xx_hal_rcc.o
                0x0000000008003f58                HAL_RCC_GetPCLK1Freq
 .text.HAL_RCC_GetPCLK2Freq
                0x0000000008003f84       0x2c ./Drivers/STM32L4xx_HAL_Driver/Src/stm32l4xx_hal_rcc.o
                0x0000000008003f84                HAL_RCC_GetPCLK2Freq
 .text.RCC_SetFlashLatencyFromMSIRange
                0x0000000008003fb0       0xc0 ./Drivers/STM32L4xx_HAL_Driver/Src/stm32l4xx_hal_rcc.o
 .text.HAL_RCCEx_PeriphCLKConfig
                0x0000000008004070      0x5d4 ./Drivers/STM32L4xx_HAL_Driver/Src/stm32l4xx_hal_rcc_ex.o
                0x0000000008004070                HAL_RCCEx_PeriphCLKConfig
 .text.RCCEx_PLLSAI1_Config
                0x0000000008004644      0x1e8 ./Drivers/STM32L4xx_HAL_Driver/Src/stm32l4xx_hal_rcc_ex.o
 .text.RCCEx_PLLSAI2_Config
                0x000000000800482c      0x1bc ./Drivers/STM32L4xx_HAL_Driver/Src/stm32l4xx_hal_rcc_ex.o
 .text.HAL_SPI_Init
                0x00000000080049e8      0x146 ./Drivers/STM32L4xx_HAL_Driver/Src/stm32l4xx_hal_spi.o
                0x00000000080049e8                HAL_SPI_Init
 .text.HAL_SPI_Transmit
                0x0000000008004b2e      0x2dc ./Drivers/STM32L4xx_HAL_Driver/Src/stm32l4xx_hal_spi.o
                0x0000000008004b2e                HAL_SPI_Transmit
 *fill*         0x0000000008004e0a        0x2 
 .text.HAL_SPI_Transmit_DMA
                0x0000000008004e0c      0x1e8 ./Drivers/STM32L4xx_HAL_Driver/Src/stm32l4xx_hal_spi.o
                0x0000000008004e0c                HAL_SPI_Transmit_DMA
 .text.HAL_SPI_TxCpltCallback
                0x0000000008004ff4       0x14 ./Drivers/STM32L4xx_HAL_Driver/Src/stm32l4xx_hal_spi.o
                0x0000000008004ff4                HAL_SPI_TxCpltCallback
 .text.HAL_SPI_TxHalfCpltCallback
                0x0000000008005008       0x14 ./Drivers/STM32L4xx_HAL_Driver/Src/stm32l4xx_hal_spi.o
                0x0000000008005008                HAL_SPI_TxHalfCpltCallback
 .text.HAL_SPI_ErrorCallback
                0x000000000800501c       0x14 ./Drivers/STM32L4xx_HAL_Driver/Src/stm32l4xx_hal_spi.o
                0x000000000800501c                HAL_SPI_ErrorCallback
 .text.SPI_DMATransmitCplt
                0x0000000008005030       0xa6 ./Drivers/STM32L4xx_HAL_Driver/Src/stm32l4xx_hal_spi.o
 .text.SPI_DMAHalfTransmitCplt
                0x00000000080050d6       0x1c ./Drivers/STM32L4xx_HAL_Driver/Src/stm32l4xx_hal_spi.o
 .text.SPI_DMAError
                0x00000000080050f2       0x40 ./Drivers/STM32L4xx_HAL_Driver/Src/stm32l4xx_hal_spi.o
 *fill*         0x0000000008005132        0x2 
 .text.SPI_WaitFlagStateUntilTimeout
                0x0000000008005134      0x110 ./Drivers/STM32L4xx_HAL_Driver/Src/stm32l4xx_hal_spi.o
 .text.SPI_WaitFifoStateUntilTimeout
                0x0000000008005244      0x12c ./Drivers/STM32L4xx_HAL_Driver/Src/stm32l4xx_hal_spi.o
 .text.SPI_EndRxTxTransaction
                0x0000000008005370       0x8c ./Drivers/STM32L4xx_HAL_Driver/Src/stm32l4xx_hal_spi.o
 .text.HAL_UART_Init
                0x00000000080053fc       0x9c ./Drivers/STM32L4xx_HAL_Driver/Src/stm32l4xx_hal_uart.o
                0x00000000080053fc                HAL_UART_Init
 .text.HAL_UART_Transmit
                0x0000000008005498      0x128 ./Drivers/STM32L4xx_HAL_Driver/Src/stm32l4xx_hal_uart.o
                0x0000000008005498                HAL_UART_Transmit
 .text.HAL_UART_IRQHandler
                0x00000000080055c0      0x5c4 ./Drivers/STM32L4xx_HAL_Driver/Src/stm32l4xx_hal_uart.o
                0x00000000080055c0                HAL_UART_IRQHandler
 .text.HAL_UART_TxCpltCallback
                0x0000000008005b84       0x14 ./Drivers/STM32L4xx_HAL_Driver/Src/stm32l4xx_hal_uart.o
                0x0000000008005b84                HAL_UART_TxCpltCallback
 .text.HAL_UART_ErrorCallback
                0x0000000008005b98       0x14 ./Drivers/STM32L4xx_HAL_Driver/Src/stm32l4xx_hal_uart.o
                0x0000000008005b98                HAL_UART_ErrorCallback
 .text.HAL_UARTEx_RxEventCallback
                0x0000000008005bac       0x18 ./Drivers/STM32L4xx_HAL_Driver/Src/stm32l4xx_hal_uart.o
                0x0000000008005bac                HAL_UARTEx_RxEventCallback
 .text.UART_SetConfig
                0x0000000008005bc4      0x570 ./Drivers/STM32L4xx_HAL_Driver/Src/stm32l4xx_hal_uart.o
                0x0000000008005bc4                UART_SetConfig
 .text.UART_AdvFeatureConfig
                0x0000000008006134      0x144 ./Drivers/STM32L4xx_HAL_Driver/Src/stm32l4xx_hal_uart.o
                0x0000000008006134                UART_AdvFeatureConfig
 .text.UART_CheckIdleState
                0x0000000008006278       0x92 ./Drivers/STM32L4xx_HAL_Driver/Src/stm32l4xx_hal_uart.o
                0x0000000008006278                UART_CheckIdleState
 .text.UART_WaitOnFlagUntilTimeout
                0x000000000800630a      0x188 ./Drivers/STM32L4xx_HAL_Driver/Src/stm32l4xx_hal_uart.o
                0x000000000800630a                UART_WaitOnFlagUntilTimeout
 .text.UART_EndRxTransfer
                0x0000000008006492       0xc6 ./Drivers/STM32L4xx_HAL_Driver/Src/stm32l4xx_hal_uart.o
 .text.UART_DMAAbortOnError
                0x0000000008006558       0x2c ./Drivers/STM32L4xx_HAL_Driver/Src/stm32l4xx_hal_uart.o
 .text.UART_EndTransmit_IT
                0x0000000008006584       0x54 ./Drivers/STM32L4xx_HAL_Driver/Src/stm32l4xx_hal_uart.o
 .text.HAL_UARTEx_WakeupCallback
                0x00000000080065d8       0x14 ./Drivers/STM32L4xx_HAL_Driver/Src/stm32l4xx_hal_uart_ex.o
                0x00000000080065d8                HAL_UARTEx_WakeupCallback
 .text.bitmap_init
                0x00000000080065ec       0x48 ./hagl/src/bitmap.o
                0x00000000080065ec                bitmap_init
 .text.fontx_meta
                0x0000000008006634       0x3a ./hagl/src/fontx.o
                0x0000000008006634                fontx_meta
 .text.fontx_glyph
                0x000000000800666e      0x124 ./hagl/src/fontx.o
                0x000000000800666e                fontx_glyph
 *fill*         0x0000000008006792        0x2 
 .text.hagl_put_pixel
                0x0000000008006794       0x64 ./hagl/src/hagl.o
                0x0000000008006794                hagl_put_pixel
 .text.hagl_put_char
                0x00000000080067f8      0x20e ./hagl/src/hagl.o
                0x00000000080067f8                hagl_put_char
 .text.hagl_put_text
                0x0000000008006a06       0x9e ./hagl/src/hagl.o
                0x0000000008006a06                hagl_put_text
 .text.hagl_blit
                0x0000000008006aa4       0x72 ./hagl/src/hagl.o
                0x0000000008006aa4                hagl_blit
 *fill*         0x0000000008006b16        0x2 
 .text.gcvt     0x0000000008006b18       0x48 d:/st/stm32cubeide_1.10.1/stm32cubeide/plugins/com.st.stm32cube.ide.mcu.externaltools.gnu-tools-for-stm32.10.3-2021.10.win32_1.0.0.202111181127/tools/bin/../lib/gcc/arm-none-eabi/10.3.1/../../../../arm-none-eabi/lib/thumb/v7e-m+fp/hard\libc_nano.a(lib_a-efgcvt.o)
                0x0000000008006b18                gcvt
 .text.__errno  0x0000000008006b60        0xc d:/st/stm32cubeide_1.10.1/stm32cubeide/plugins/com.st.stm32cube.ide.mcu.externaltools.gnu-tools-for-stm32.10.3-2021.10.win32_1.0.0.202111181127/tools/bin/../lib/gcc/arm-none-eabi/10.3.1/../../../../arm-none-eabi/lib/thumb/v7e-m+fp/hard\libc_nano.a(lib_a-errno.o)
                0x0000000008006b60                __errno
 .text.__sflush_r
                0x0000000008006b6c      0x10c d:/st/stm32cubeide_1.10.1/stm32cubeide/plugins/com.st.stm32cube.ide.mcu.externaltools.gnu-tools-for-stm32.10.3-2021.10.win32_1.0.0.202111181127/tools/bin/../lib/gcc/arm-none-eabi/10.3.1/../../../../arm-none-eabi/lib/thumb/v7e-m+fp/hard\libc_nano.a(lib_a-fflush.o)
                0x0000000008006b6c                __sflush_r
 .text._fflush_r
                0x0000000008006c78       0x78 d:/st/stm32cubeide_1.10.1/stm32cubeide/plugins/com.st.stm32cube.ide.mcu.externaltools.gnu-tools-for-stm32.10.3-2021.10.win32_1.0.0.202111181127/tools/bin/../lib/gcc/arm-none-eabi/10.3.1/../../../../arm-none-eabi/lib/thumb/v7e-m+fp/hard\libc_nano.a(lib_a-fflush.o)
                0x0000000008006c78                _fflush_r
 .text.std      0x0000000008006cf0       0x48 d:/st/stm32cubeide_1.10.1/stm32cubeide/plugins/com.st.stm32cube.ide.mcu.externaltools.gnu-tools-for-stm32.10.3-2021.10.win32_1.0.0.202111181127/tools/bin/../lib/gcc/arm-none-eabi/10.3.1/../../../../arm-none-eabi/lib/thumb/v7e-m+fp/hard\libc_nano.a(lib_a-findfp.o)
 .text._cleanup_r
                0x0000000008006d38        0xc d:/st/stm32cubeide_1.10.1/stm32cubeide/plugins/com.st.stm32cube.ide.mcu.externaltools.gnu-tools-for-stm32.10.3-2021.10.win32_1.0.0.202111181127/tools/bin/../lib/gcc/arm-none-eabi/10.3.1/../../../../arm-none-eabi/lib/thumb/v7e-m+fp/hard\libc_nano.a(lib_a-findfp.o)
                0x0000000008006d38                _cleanup_r
 .text.__sfmoreglue
                0x0000000008006d44       0x2c d:/st/stm32cubeide_1.10.1/stm32cubeide/plugins/com.st.stm32cube.ide.mcu.externaltools.gnu-tools-for-stm32.10.3-2021.10.win32_1.0.0.202111181127/tools/bin/../lib/gcc/arm-none-eabi/10.3.1/../../../../arm-none-eabi/lib/thumb/v7e-m+fp/hard\libc_nano.a(lib_a-findfp.o)
                0x0000000008006d44                __sfmoreglue
 .text.__sfp_lock_acquire
                0x0000000008006d70        0xc d:/st/stm32cubeide_1.10.1/stm32cubeide/plugins/com.st.stm32cube.ide.mcu.externaltools.gnu-tools-for-stm32.10.3-2021.10.win32_1.0.0.202111181127/tools/bin/../lib/gcc/arm-none-eabi/10.3.1/../../../../arm-none-eabi/lib/thumb/v7e-m+fp/hard\libc_nano.a(lib_a-findfp.o)
                0x0000000008006d70                __sfp_lock_acquire
 .text.__sfp_lock_release
                0x0000000008006d7c        0xc d:/st/stm32cubeide_1.10.1/stm32cubeide/plugins/com.st.stm32cube.ide.mcu.externaltools.gnu-tools-for-stm32.10.3-2021.10.win32_1.0.0.202111181127/tools/bin/../lib/gcc/arm-none-eabi/10.3.1/../../../../arm-none-eabi/lib/thumb/v7e-m+fp/hard\libc_nano.a(lib_a-findfp.o)
                0x0000000008006d7c                __sfp_lock_release
 .text.__sinit_lock_acquire
                0x0000000008006d88        0xc d:/st/stm32cubeide_1.10.1/stm32cubeide/plugins/com.st.stm32cube.ide.mcu.externaltools.gnu-tools-for-stm32.10.3-2021.10.win32_1.0.0.202111181127/tools/bin/../lib/gcc/arm-none-eabi/10.3.1/../../../../arm-none-eabi/lib/thumb/v7e-m+fp/hard\libc_nano.a(lib_a-findfp.o)
                0x0000000008006d88                __sinit_lock_acquire
 .text.__sinit_lock_release
                0x0000000008006d94        0xc d:/st/stm32cubeide_1.10.1/stm32cubeide/plugins/com.st.stm32cube.ide.mcu.externaltools.gnu-tools-for-stm32.10.3-2021.10.win32_1.0.0.202111181127/tools/bin/../lib/gcc/arm-none-eabi/10.3.1/../../../../arm-none-eabi/lib/thumb/v7e-m+fp/hard\libc_nano.a(lib_a-findfp.o)
                0x0000000008006d94                __sinit_lock_release
 .text.__sinit  0x0000000008006da0       0x70 d:/st/stm32cubeide_1.10.1/stm32cubeide/plugins/com.st.stm32cube.ide.mcu.externaltools.gnu-tools-for-stm32.10.3-2021.10.win32_1.0.0.202111181127/tools/bin/../lib/gcc/arm-none-eabi/10.3.1/../../../../arm-none-eabi/lib/thumb/v7e-m+fp/hard\libc_nano.a(lib_a-findfp.o)
                0x0000000008006da0                __sinit
 .text.__sfp    0x0000000008006e10       0x8c d:/st/stm32cubeide_1.10.1/stm32cubeide/plugins/com.st.stm32cube.ide.mcu.externaltools.gnu-tools-for-stm32.10.3-2021.10.win32_1.0.0.202111181127/tools/bin/../lib/gcc/arm-none-eabi/10.3.1/../../../../arm-none-eabi/lib/thumb/v7e-m+fp/hard\libc_nano.a(lib_a-findfp.o)
                0x0000000008006e10                __sfp
 .text._fwalk_reent
                0x0000000008006e9c       0x3e d:/st/stm32cubeide_1.10.1/stm32cubeide/plugins/com.st.stm32cube.ide.mcu.externaltools.gnu-tools-for-stm32.10.3-2021.10.win32_1.0.0.202111181127/tools/bin/../lib/gcc/arm-none-eabi/10.3.1/../../../../arm-none-eabi/lib/thumb/v7e-m+fp/hard\libc_nano.a(lib_a-fwalk.o)
                0x0000000008006e9c                _fwalk_reent
 *fill*         0x0000000008006eda        0x2 
 .text.__libc_init_array
                0x0000000008006edc       0x48 d:/st/stm32cubeide_1.10.1/stm32cubeide/plugins/com.st.stm32cube.ide.mcu.externaltools.gnu-tools-for-stm32.10.3-2021.10.win32_1.0.0.202111181127/tools/bin/../lib/gcc/arm-none-eabi/10.3.1/../../../../arm-none-eabi/lib/thumb/v7e-m+fp/hard\libc_nano.a(lib_a-init.o)
                0x0000000008006edc                __libc_init_array
 .text._setlocale_r
                0x0000000008006f24       0x40 d:/st/stm32cubeide_1.10.1/stm32cubeide/plugins/com.st.stm32cube.ide.mcu.externaltools.gnu-tools-for-stm32.10.3-2021.10.win32_1.0.0.202111181127/tools/bin/../lib/gcc/arm-none-eabi/10.3.1/../../../../arm-none-eabi/lib/thumb/v7e-m+fp/hard\libc_nano.a(lib_a-locale.o)
                0x0000000008006f24                _setlocale_r
 .text.setlocale
                0x0000000008006f64       0x10 d:/st/stm32cubeide_1.10.1/stm32cubeide/plugins/com.st.stm32cube.ide.mcu.externaltools.gnu-tools-for-stm32.10.3-2021.10.win32_1.0.0.202111181127/tools/bin/../lib/gcc/arm-none-eabi/10.3.1/../../../../arm-none-eabi/lib/thumb/v7e-m+fp/hard\libc_nano.a(lib_a-locale.o)
                0x0000000008006f64                setlocale
 .text.__retarget_lock_init_recursive
                0x0000000008006f74        0x2 d:/st/stm32cubeide_1.10.1/stm32cubeide/plugins/com.st.stm32cube.ide.mcu.externaltools.gnu-tools-for-stm32.10.3-2021.10.win32_1.0.0.202111181127/tools/bin/../lib/gcc/arm-none-eabi/10.3.1/../../../../arm-none-eabi/lib/thumb/v7e-m+fp/hard\libc_nano.a(lib_a-lock.o)
                0x0000000008006f74                __retarget_lock_init_recursive
 .text.__retarget_lock_acquire_recursive
                0x0000000008006f76        0x2 d:/st/stm32cubeide_1.10.1/stm32cubeide/plugins/com.st.stm32cube.ide.mcu.externaltools.gnu-tools-for-stm32.10.3-2021.10.win32_1.0.0.202111181127/tools/bin/../lib/gcc/arm-none-eabi/10.3.1/../../../../arm-none-eabi/lib/thumb/v7e-m+fp/hard\libc_nano.a(lib_a-lock.o)
                0x0000000008006f76                __retarget_lock_acquire_recursive
 .text.__retarget_lock_release_recursive
                0x0000000008006f78        0x2 d:/st/stm32cubeide_1.10.1/stm32cubeide/plugins/com.st.stm32cube.ide.mcu.externaltools.gnu-tools-for-stm32.10.3-2021.10.win32_1.0.0.202111181127/tools/bin/../lib/gcc/arm-none-eabi/10.3.1/../../../../arm-none-eabi/lib/thumb/v7e-m+fp/hard\libc_nano.a(lib_a-lock.o)
                0x0000000008006f78                __retarget_lock_release_recursive
 .text.__swhatbuf_r
                0x0000000008006f7a       0x4a d:/st/stm32cubeide_1.10.1/stm32cubeide/plugins/com.st.stm32cube.ide.mcu.externaltools.gnu-tools-for-stm32.10.3-2021.10.win32_1.0.0.202111181127/tools/bin/../lib/gcc/arm-none-eabi/10.3.1/../../../../arm-none-eabi/lib/thumb/v7e-m+fp/hard\libc_nano.a(lib_a-makebuf.o)
                0x0000000008006f7a                __swhatbuf_r
 .text.__smakebuf_r
                0x0000000008006fc4       0x80 d:/st/stm32cubeide_1.10.1/stm32cubeide/plugins/com.st.stm32cube.ide.mcu.externaltools.gnu-tools-for-stm32.10.3-2021.10.win32_1.0.0.202111181127/tools/bin/../lib/gcc/arm-none-eabi/10.3.1/../../../../arm-none-eabi/lib/thumb/v7e-m+fp/hard\libc_nano.a(lib_a-makebuf.o)
                0x0000000008006fc4                __smakebuf_r
 .text.mbstowcs
                0x0000000008007044       0x1c d:/st/stm32cubeide_1.10.1/stm32cubeide/plugins/com.st.stm32cube.ide.mcu.externaltools.gnu-tools-for-stm32.10.3-2021.10.win32_1.0.0.202111181127/tools/bin/../lib/gcc/arm-none-eabi/10.3.1/../../../../arm-none-eabi/lib/thumb/v7e-m+fp/hard\libc_nano.a(lib_a-mbstowcs.o)
                0x0000000008007044                mbstowcs
 .text.__ascii_mbtowc
                0x0000000008007060       0x24 d:/st/stm32cubeide_1.10.1/stm32cubeide/plugins/com.st.stm32cube.ide.mcu.externaltools.gnu-tools-for-stm32.10.3-2021.10.win32_1.0.0.202111181127/tools/bin/../lib/gcc/arm-none-eabi/10.3.1/../../../../arm-none-eabi/lib/thumb/v7e-m+fp/hard\libc_nano.a(lib_a-mbtowc_r.o)
                0x0000000008007060                __ascii_mbtowc
 .text.memcpy   0x0000000008007084       0x1c d:/st/stm32cubeide_1.10.1/stm32cubeide/plugins/com.st.stm32cube.ide.mcu.externaltools.gnu-tools-for-stm32.10.3-2021.10.win32_1.0.0.202111181127/tools/bin/../lib/gcc/arm-none-eabi/10.3.1/../../../../arm-none-eabi/lib/thumb/v7e-m+fp/hard\libc_nano.a(lib_a-memcpy-stub.o)
                0x0000000008007084                memcpy
 .text.memset   0x00000000080070a0       0x10 d:/st/stm32cubeide_1.10.1/stm32cubeide/plugins/com.st.stm32cube.ide.mcu.externaltools.gnu-tools-for-stm32.10.3-2021.10.win32_1.0.0.202111181127/tools/bin/../lib/gcc/arm-none-eabi/10.3.1/../../../../arm-none-eabi/lib/thumb/v7e-m+fp/hard\libc_nano.a(lib_a-memset.o)
                0x00000000080070a0                memset
 .text._free_r  0x00000000080070b0       0x98 d:/st/stm32cubeide_1.10.1/stm32cubeide/plugins/com.st.stm32cube.ide.mcu.externaltools.gnu-tools-for-stm32.10.3-2021.10.win32_1.0.0.202111181127/tools/bin/../lib/gcc/arm-none-eabi/10.3.1/../../../../arm-none-eabi/lib/thumb/v7e-m+fp/hard\libc_nano.a(lib_a-nano-freer.o)
                0x00000000080070b0                _free_r
 .text.sbrk_aligned
                0x0000000008007148       0x40 d:/st/stm32cubeide_1.10.1/stm32cubeide/plugins/com.st.stm32cube.ide.mcu.externaltools.gnu-tools-for-stm32.10.3-2021.10.win32_1.0.0.202111181127/tools/bin/../lib/gcc/arm-none-eabi/10.3.1/../../../../arm-none-eabi/lib/thumb/v7e-m+fp/hard\libc_nano.a(lib_a-nano-mallocr.o)
 .text._malloc_r
                0x0000000008007188       0xe8 d:/st/stm32cubeide_1.10.1/stm32cubeide/plugins/com.st.stm32cube.ide.mcu.externaltools.gnu-tools-for-stm32.10.3-2021.10.win32_1.0.0.202111181127/tools/bin/../lib/gcc/arm-none-eabi/10.3.1/../../../../arm-none-eabi/lib/thumb/v7e-m+fp/hard\libc_nano.a(lib_a-nano-mallocr.o)
                0x0000000008007188                _malloc_r
 .text.__cvt    0x0000000008007270       0xc4 d:/st/stm32cubeide_1.10.1/stm32cubeide/plugins/com.st.stm32cube.ide.mcu.externaltools.gnu-tools-for-stm32.10.3-2021.10.win32_1.0.0.202111181127/tools/bin/../lib/gcc/arm-none-eabi/10.3.1/../../../../arm-none-eabi/lib/thumb/v7e-m+fp/hard\libc_nano.a(lib_a-nano-vfprintf_float.o)
                0x0000000008007270                __cvt
 .text.__exponent
                0x0000000008007334       0x7c d:/st/stm32cubeide_1.10.1/stm32cubeide/plugins/com.st.stm32cube.ide.mcu.externaltools.gnu-tools-for-stm32.10.3-2021.10.win32_1.0.0.202111181127/tools/bin/../lib/gcc/arm-none-eabi/10.3.1/../../../../arm-none-eabi/lib/thumb/v7e-m+fp/hard\libc_nano.a(lib_a-nano-vfprintf_float.o)
                0x0000000008007334                __exponent
 .text._printf_float
                0x00000000080073b0      0x46c d:/st/stm32cubeide_1.10.1/stm32cubeide/plugins/com.st.stm32cube.ide.mcu.externaltools.gnu-tools-for-stm32.10.3-2021.10.win32_1.0.0.202111181127/tools/bin/../lib/gcc/arm-none-eabi/10.3.1/../../../../arm-none-eabi/lib/thumb/v7e-m+fp/hard\libc_nano.a(lib_a-nano-vfprintf_float.o)
                0x00000000080073b0                _printf_float
 .text._printf_common
                0x000000000800781c       0xda d:/st/stm32cubeide_1.10.1/stm32cubeide/plugins/com.st.stm32cube.ide.mcu.externaltools.gnu-tools-for-stm32.10.3-2021.10.win32_1.0.0.202111181127/tools/bin/../lib/gcc/arm-none-eabi/10.3.1/../../../../arm-none-eabi/lib/thumb/v7e-m+fp/hard\libc_nano.a(lib_a-nano-vfprintf_i.o)
                0x000000000800781c                _printf_common
 *fill*         0x00000000080078f6        0x2 
 .text._printf_i
                0x00000000080078f8      0x24c d:/st/stm32cubeide_1.10.1/stm32cubeide/plugins/com.st.stm32cube.ide.mcu.externaltools.gnu-tools-for-stm32.10.3-2021.10.win32_1.0.0.202111181127/tools/bin/../lib/gcc/arm-none-eabi/10.3.1/../../../../arm-none-eabi/lib/thumb/v7e-m+fp/hard\libc_nano.a(lib_a-nano-vfprintf_i.o)
                0x00000000080078f8                _printf_i
 .text.printf   0x0000000008007b44       0x30 d:/st/stm32cubeide_1.10.1/stm32cubeide/plugins/com.st.stm32cube.ide.mcu.externaltools.gnu-tools-for-stm32.10.3-2021.10.win32_1.0.0.202111181127/tools/bin/../lib/gcc/arm-none-eabi/10.3.1/../../../../arm-none-eabi/lib/thumb/v7e-m+fp/hard\libc_nano.a(lib_a-printf.o)
                0x0000000008007b44                iprintf
                0x0000000008007b44                printf
 .text._puts_r  0x0000000008007b74       0xdc d:/st/stm32cubeide_1.10.1/stm32cubeide/plugins/com.st.stm32cube.ide.mcu.externaltools.gnu-tools-for-stm32.10.3-2021.10.win32_1.0.0.202111181127/tools/bin/../lib/gcc/arm-none-eabi/10.3.1/../../../../arm-none-eabi/lib/thumb/v7e-m+fp/hard\libc_nano.a(lib_a-puts.o)
                0x0000000008007b74                _puts_r
 .text.puts     0x0000000008007c50       0x10 d:/st/stm32cubeide_1.10.1/stm32cubeide/plugins/com.st.stm32cube.ide.mcu.externaltools.gnu-tools-for-stm32.10.3-2021.10.win32_1.0.0.202111181127/tools/bin/../lib/gcc/arm-none-eabi/10.3.1/../../../../arm-none-eabi/lib/thumb/v7e-m+fp/hard\libc_nano.a(lib_a-puts.o)
                0x0000000008007c50                puts
 .text._sbrk_r  0x0000000008007c60       0x20 d:/st/stm32cubeide_1.10.1/stm32cubeide/plugins/com.st.stm32cube.ide.mcu.externaltools.gnu-tools-for-stm32.10.3-2021.10.win32_1.0.0.202111181127/tools/bin/../lib/gcc/arm-none-eabi/10.3.1/../../../../arm-none-eabi/lib/thumb/v7e-m+fp/hard\libc_nano.a(lib_a-sbrkr.o)
                0x0000000008007c60                _sbrk_r
 .text.__sread  0x0000000008007c80       0x22 d:/st/stm32cubeide_1.10.1/stm32cubeide/plugins/com.st.stm32cube.ide.mcu.externaltools.gnu-tools-for-stm32.10.3-2021.10.win32_1.0.0.202111181127/tools/bin/../lib/gcc/arm-none-eabi/10.3.1/../../../../arm-none-eabi/lib/thumb/v7e-m+fp/hard\libc_nano.a(lib_a-stdio.o)
                0x0000000008007c80                __sread
 .text.__swrite
                0x0000000008007ca2       0x38 d:/st/stm32cubeide_1.10.1/stm32cubeide/plugins/com.st.stm32cube.ide.mcu.externaltools.gnu-tools-for-stm32.10.3-2021.10.win32_1.0.0.202111181127/tools/bin/../lib/gcc/arm-none-eabi/10.3.1/../../../../arm-none-eabi/lib/thumb/v7e-m+fp/hard\libc_nano.a(lib_a-stdio.o)
                0x0000000008007ca2                __swrite
 .text.__sseek  0x0000000008007cda       0x24 d:/st/stm32cubeide_1.10.1/stm32cubeide/plugins/com.st.stm32cube.ide.mcu.externaltools.gnu-tools-for-stm32.10.3-2021.10.win32_1.0.0.202111181127/tools/bin/../lib/gcc/arm-none-eabi/10.3.1/../../../../arm-none-eabi/lib/thumb/v7e-m+fp/hard\libc_nano.a(lib_a-stdio.o)
                0x0000000008007cda                __sseek
 .text.__sclose
                0x0000000008007cfe        0x8 d:/st/stm32cubeide_1.10.1/stm32cubeide/plugins/com.st.stm32cube.ide.mcu.externaltools.gnu-tools-for-stm32.10.3-2021.10.win32_1.0.0.202111181127/tools/bin/../lib/gcc/arm-none-eabi/10.3.1/../../../../arm-none-eabi/lib/thumb/v7e-m+fp/hard\libc_nano.a(lib_a-stdio.o)
                0x0000000008007cfe                __sclose
 *fill*         0x0000000008007d06        0x2 
 .text.__swbuf_r
                0x0000000008007d08       0xa4 d:/st/stm32cubeide_1.10.1/stm32cubeide/plugins/com.st.stm32cube.ide.mcu.externaltools.gnu-tools-for-stm32.10.3-2021.10.win32_1.0.0.202111181127/tools/bin/../lib/gcc/arm-none-eabi/10.3.1/../../../../arm-none-eabi/lib/thumb/v7e-m+fp/hard\libc_nano.a(lib_a-wbuf.o)
                0x0000000008007d08                __swbuf_r
 .text.__ascii_wctomb
                0x0000000008007dac       0x1a d:/st/stm32cubeide_1.10.1/stm32cubeide/plugins/com.st.stm32cube.ide.mcu.externaltools.gnu-tools-for-stm32.10.3-2021.10.win32_1.0.0.202111181127/tools/bin/../lib/gcc/arm-none-eabi/10.3.1/../../../../arm-none-eabi/lib/thumb/v7e-m+fp/hard\libc_nano.a(lib_a-wctomb_r.o)
                0x0000000008007dac                __ascii_wctomb
 *fill*         0x0000000008007dc6        0x2 
 .text._write_r
                0x0000000008007dc8       0x24 d:/st/stm32cubeide_1.10.1/stm32cubeide/plugins/com.st.stm32cube.ide.mcu.externaltools.gnu-tools-for-stm32.10.3-2021.10.win32_1.0.0.202111181127/tools/bin/../lib/gcc/arm-none-eabi/10.3.1/../../../../arm-none-eabi/lib/thumb/v7e-m+fp/hard\libc_nano.a(lib_a-writer.o)
                0x0000000008007dc8                _write_r
 .text.__swsetup_r
                0x0000000008007dec       0xdc d:/st/stm32cubeide_1.10.1/stm32cubeide/plugins/com.st.stm32cube.ide.mcu.externaltools.gnu-tools-for-stm32.10.3-2021.10.win32_1.0.0.202111181127/tools/bin/../lib/gcc/arm-none-eabi/10.3.1/../../../../arm-none-eabi/lib/thumb/v7e-m+fp/hard\libc_nano.a(lib_a-wsetup.o)
                0x0000000008007dec                __swsetup_r
 .text._close_r
                0x0000000008007ec8       0x20 d:/st/stm32cubeide_1.10.1/stm32cubeide/plugins/com.st.stm32cube.ide.mcu.externaltools.gnu-tools-for-stm32.10.3-2021.10.win32_1.0.0.202111181127/tools/bin/../lib/gcc/arm-none-eabi/10.3.1/../../../../arm-none-eabi/lib/thumb/v7e-m+fp/hard\libc_nano.a(lib_a-closer.o)
                0x0000000008007ec8                _close_r
 .text.quorem   0x0000000008007ee8      0x116 d:/st/stm32cubeide_1.10.1/stm32cubeide/plugins/com.st.stm32cube.ide.mcu.externaltools.gnu-tools-for-stm32.10.3-2021.10.win32_1.0.0.202111181127/tools/bin/../lib/gcc/arm-none-eabi/10.3.1/../../../../arm-none-eabi/lib/thumb/v7e-m+fp/hard\libc_nano.a(lib_a-dtoa.o)
 *fill*         0x0000000008007ffe        0x2 
 .text._dtoa_r  0x0000000008008000      0xbdc d:/st/stm32cubeide_1.10.1/stm32cubeide/plugins/com.st.stm32cube.ide.mcu.externaltools.gnu-tools-for-stm32.10.3-2021.10.win32_1.0.0.202111181127/tools/bin/../lib/gcc/arm-none-eabi/10.3.1/../../../../arm-none-eabi/lib/thumb/v7e-m+fp/hard\libc_nano.a(lib_a-dtoa.o)
                0x0000000008008000                _dtoa_r
 .text.print_e  0x0000000008008bdc       0xee d:/st/stm32cubeide_1.10.1/stm32cubeide/plugins/com.st.stm32cube.ide.mcu.externaltools.gnu-tools-for-stm32.10.3-2021.10.win32_1.0.0.202111181127/tools/bin/../lib/gcc/arm-none-eabi/10.3.1/../../../../arm-none-eabi/lib/thumb/v7e-m+fp/hard\libc_nano.a(lib_a-ecvtbuf.o)
 *fill*         0x0000000008008cca        0x6 
 .text._gcvt    0x0000000008008cd0      0x180 d:/st/stm32cubeide_1.10.1/stm32cubeide/plugins/com.st.stm32cube.ide.mcu.externaltools.gnu-tools-for-stm32.10.3-2021.10.win32_1.0.0.202111181127/tools/bin/../lib/gcc/arm-none-eabi/10.3.1/../../../../arm-none-eabi/lib/thumb/v7e-m+fp/hard\libc_nano.a(lib_a-ecvtbuf.o)
                0x0000000008008cd0                _gcvt
 .text._fstat_r
                0x0000000008008e50       0x24 d:/st/stm32cubeide_1.10.1/stm32cubeide/plugins/com.st.stm32cube.ide.mcu.externaltools.gnu-tools-for-stm32.10.3-2021.10.win32_1.0.0.202111181127/tools/bin/../lib/gcc/arm-none-eabi/10.3.1/../../../../arm-none-eabi/lib/thumb/v7e-m+fp/hard\libc_nano.a(lib_a-fstatr.o)
                0x0000000008008e50                _fstat_r
 .text._isatty_r
                0x0000000008008e74       0x20 d:/st/stm32cubeide_1.10.1/stm32cubeide/plugins/com.st.stm32cube.ide.mcu.externaltools.gnu-tools-for-stm32.10.3-2021.10.win32_1.0.0.202111181127/tools/bin/../lib/gcc/arm-none-eabi/10.3.1/../../../../arm-none-eabi/lib/thumb/v7e-m+fp/hard\libc_nano.a(lib_a-isattyr.o)
                0x0000000008008e74                _isatty_r
 .text._localeconv_r
                0x0000000008008e94        0x8 d:/st/stm32cubeide_1.10.1/stm32cubeide/plugins/com.st.stm32cube.ide.mcu.externaltools.gnu-tools-for-stm32.10.3-2021.10.win32_1.0.0.202111181127/tools/bin/../lib/gcc/arm-none-eabi/10.3.1/../../../../arm-none-eabi/lib/thumb/v7e-m+fp/hard\libc_nano.a(lib_a-localeconv.o)
                0x0000000008008e94                _localeconv_r
 .text._lseek_r
                0x0000000008008e9c       0x24 d:/st/stm32cubeide_1.10.1/stm32cubeide/plugins/com.st.stm32cube.ide.mcu.externaltools.gnu-tools-for-stm32.10.3-2021.10.win32_1.0.0.202111181127/tools/bin/../lib/gcc/arm-none-eabi/10.3.1/../../../../arm-none-eabi/lib/thumb/v7e-m+fp/hard\libc_nano.a(lib_a-lseekr.o)
                0x0000000008008e9c                _lseek_r
 .text.malloc   0x0000000008008ec0       0x10 d:/st/stm32cubeide_1.10.1/stm32cubeide/plugins/com.st.stm32cube.ide.mcu.externaltools.gnu-tools-for-stm32.10.3-2021.10.win32_1.0.0.202111181127/tools/bin/../lib/gcc/arm-none-eabi/10.3.1/../../../../arm-none-eabi/lib/thumb/v7e-m+fp/hard\libc_nano.a(lib_a-malloc.o)
                0x0000000008008ec0                malloc
 .text.__malloc_lock
                0x0000000008008ed0        0xc d:/st/stm32cubeide_1.10.1/stm32cubeide/plugins/com.st.stm32cube.ide.mcu.externaltools.gnu-tools-for-stm32.10.3-2021.10.win32_1.0.0.202111181127/tools/bin/../lib/gcc/arm-none-eabi/10.3.1/../../../../arm-none-eabi/lib/thumb/v7e-m+fp/hard\libc_nano.a(lib_a-mlock.o)
                0x0000000008008ed0                __malloc_lock
 .text.__malloc_unlock
                0x0000000008008edc        0xc d:/st/stm32cubeide_1.10.1/stm32cubeide/plugins/com.st.stm32cube.ide.mcu.externaltools.gnu-tools-for-stm32.10.3-2021.10.win32_1.0.0.202111181127/tools/bin/../lib/gcc/arm-none-eabi/10.3.1/../../../../arm-none-eabi/lib/thumb/v7e-m+fp/hard\libc_nano.a(lib_a-mlock.o)
                0x0000000008008edc                __malloc_unlock
 .text._Balloc  0x0000000008008ee8       0x80 d:/st/stm32cubeide_1.10.1/stm32cubeide/plugins/com.st.stm32cube.ide.mcu.externaltools.gnu-tools-for-stm32.10.3-2021.10.win32_1.0.0.202111181127/tools/bin/../lib/gcc/arm-none-eabi/10.3.1/../../../../arm-none-eabi/lib/thumb/v7e-m+fp/hard\libc_nano.a(lib_a-mprec.o)
                0x0000000008008ee8                _Balloc
 .text._Bfree   0x0000000008008f68       0x44 d:/st/stm32cubeide_1.10.1/stm32cubeide/plugins/com.st.stm32cube.ide.mcu.externaltools.gnu-tools-for-stm32.10.3-2021.10.win32_1.0.0.202111181127/tools/bin/../lib/gcc/arm-none-eabi/10.3.1/../../../../arm-none-eabi/lib/thumb/v7e-m+fp/hard\libc_nano.a(lib_a-mprec.o)
                0x0000000008008f68                _Bfree
 .text.__multadd
                0x0000000008008fac       0x8c d:/st/stm32cubeide_1.10.1/stm32cubeide/plugins/com.st.stm32cube.ide.mcu.externaltools.gnu-tools-for-stm32.10.3-2021.10.win32_1.0.0.202111181127/tools/bin/../lib/gcc/arm-none-eabi/10.3.1/../../../../arm-none-eabi/lib/thumb/v7e-m+fp/hard\libc_nano.a(lib_a-mprec.o)
                0x0000000008008fac                __multadd
 .text.__hi0bits
                0x0000000008009038       0x40 d:/st/stm32cubeide_1.10.1/stm32cubeide/plugins/com.st.stm32cube.ide.mcu.externaltools.gnu-tools-for-stm32.10.3-2021.10.win32_1.0.0.202111181127/tools/bin/../lib/gcc/arm-none-eabi/10.3.1/../../../../arm-none-eabi/lib/thumb/v7e-m+fp/hard\libc_nano.a(lib_a-mprec.o)
                0x0000000008009038                __hi0bits
 .text.__lo0bits
                0x0000000008009078       0x5e d:/st/stm32cubeide_1.10.1/stm32cubeide/plugins/com.st.stm32cube.ide.mcu.externaltools.gnu-tools-for-stm32.10.3-2021.10.win32_1.0.0.202111181127/tools/bin/../lib/gcc/arm-none-eabi/10.3.1/../../../../arm-none-eabi/lib/thumb/v7e-m+fp/hard\libc_nano.a(lib_a-mprec.o)
                0x0000000008009078                __lo0bits
 *fill*         0x00000000080090d6        0x2 
 .text.__i2b    0x00000000080090d8       0x2c d:/st/stm32cubeide_1.10.1/stm32cubeide/plugins/com.st.stm32cube.ide.mcu.externaltools.gnu-tools-for-stm32.10.3-2021.10.win32_1.0.0.202111181127/tools/bin/../lib/gcc/arm-none-eabi/10.3.1/../../../../arm-none-eabi/lib/thumb/v7e-m+fp/hard\libc_nano.a(lib_a-mprec.o)
                0x00000000080090d8                __i2b
 .text.__multiply
                0x0000000008009104      0x154 d:/st/stm32cubeide_1.10.1/stm32cubeide/plugins/com.st.stm32cube.ide.mcu.externaltools.gnu-tools-for-stm32.10.3-2021.10.win32_1.0.0.202111181127/tools/bin/../lib/gcc/arm-none-eabi/10.3.1/../../../../arm-none-eabi/lib/thumb/v7e-m+fp/hard\libc_nano.a(lib_a-mprec.o)
                0x0000000008009104                __multiply
 .text.__pow5mult
                0x0000000008009258       0xb4 d:/st/stm32cubeide_1.10.1/stm32cubeide/plugins/com.st.stm32cube.ide.mcu.externaltools.gnu-tools-for-stm32.10.3-2021.10.win32_1.0.0.202111181127/tools/bin/../lib/gcc/arm-none-eabi/10.3.1/../../../../arm-none-eabi/lib/thumb/v7e-m+fp/hard\libc_nano.a(lib_a-mprec.o)
                0x0000000008009258                __pow5mult
 .text.__lshift
                0x000000000800930c       0xe0 d:/st/stm32cubeide_1.10.1/stm32cubeide/plugins/com.st.stm32cube.ide.mcu.externaltools.gnu-tools-for-stm32.10.3-2021.10.win32_1.0.0.202111181127/tools/bin/../lib/gcc/arm-none-eabi/10.3.1/../../../../arm-none-eabi/lib/thumb/v7e-m+fp/hard\libc_nano.a(lib_a-mprec.o)
                0x000000000800930c                __lshift
 .text.__mcmp   0x00000000080093ec       0x38 d:/st/stm32cubeide_1.10.1/stm32cubeide/plugins/com.st.stm32cube.ide.mcu.externaltools.gnu-tools-for-stm32.10.3-2021.10.win32_1.0.0.202111181127/tools/bin/../lib/gcc/arm-none-eabi/10.3.1/../../../../arm-none-eabi/lib/thumb/v7e-m+fp/hard\libc_nano.a(lib_a-mprec.o)
                0x00000000080093ec                __mcmp
 .text.__mdiff  0x0000000008009424      0x114 d:/st/stm32cubeide_1.10.1/stm32cubeide/plugins/com.st.stm32cube.ide.mcu.externaltools.gnu-tools-for-stm32.10.3-2021.10.win32_1.0.0.202111181127/tools/bin/../lib/gcc/arm-none-eabi/10.3.1/../../../../arm-none-eabi/lib/thumb/v7e-m+fp/hard\libc_nano.a(lib_a-mprec.o)
                0x0000000008009424                __mdiff
 .text.__d2b    0x0000000008009538       0xb8 d:/st/stm32cubeide_1.10.1/stm32cubeide/plugins/com.st.stm32cube.ide.mcu.externaltools.gnu-tools-for-stm32.10.3-2021.10.win32_1.0.0.202111181127/tools/bin/../lib/gcc/arm-none-eabi/10.3.1/../../../../arm-none-eabi/lib/thumb/v7e-m+fp/hard\libc_nano.a(lib_a-mprec.o)
                0x0000000008009538                __d2b
 .text._mprec_log10
                0x00000000080095f0       0x3c d:/st/stm32cubeide_1.10.1/stm32cubeide/plugins/com.st.stm32cube.ide.mcu.externaltools.gnu-tools-for-stm32.10.3-2021.10.win32_1.0.0.202111181127/tools/bin/../lib/gcc/arm-none-eabi/10.3.1/../../../../arm-none-eabi/lib/thumb/v7e-m+fp/hard\libc_nano.a(lib_a-mprec.o)
                0x00000000080095f0                _mprec_log10
 .text._calloc_r
                0x000000000800962c       0x2c d:/st/stm32cubeide_1.10.1/stm32cubeide/plugins/com.st.stm32cube.ide.mcu.externaltools.gnu-tools-for-stm32.10.3-2021.10.win32_1.0.0.202111181127/tools/bin/../lib/gcc/arm-none-eabi/10.3.1/../../../../arm-none-eabi/lib/thumb/v7e-m+fp/hard\libc_nano.a(lib_a-nano-callocr.o)
                0x000000000800962c                _calloc_r
 .text.__sfputc_r
                0x0000000008009658       0x2e d:/st/stm32cubeide_1.10.1/stm32cubeide/plugins/com.st.stm32cube.ide.mcu.externaltools.gnu-tools-for-stm32.10.3-2021.10.win32_1.0.0.202111181127/tools/bin/../lib/gcc/arm-none-eabi/10.3.1/../../../../arm-none-eabi/lib/thumb/v7e-m+fp/hard\libc_nano.a(lib_a-nano-vfprintf.o)
 .text.__sfputs_r
                0x0000000008009686       0x24 d:/st/stm32cubeide_1.10.1/stm32cubeide/plugins/com.st.stm32cube.ide.mcu.externaltools.gnu-tools-for-stm32.10.3-2021.10.win32_1.0.0.202111181127/tools/bin/../lib/gcc/arm-none-eabi/10.3.1/../../../../arm-none-eabi/lib/thumb/v7e-m+fp/hard\libc_nano.a(lib_a-nano-vfprintf.o)
                0x0000000008009686                __sfputs_r
 *fill*         0x00000000080096aa        0x2 
 .text._vfprintf_r
                0x00000000080096ac      0x260 d:/st/stm32cubeide_1.10.1/stm32cubeide/plugins/com.st.stm32cube.ide.mcu.externaltools.gnu-tools-for-stm32.10.3-2021.10.win32_1.0.0.202111181127/tools/bin/../lib/gcc/arm-none-eabi/10.3.1/../../../../arm-none-eabi/lib/thumb/v7e-m+fp/hard\libc_nano.a(lib_a-nano-vfprintf.o)
                0x00000000080096ac                _vfprintf_r
                0x00000000080096ac                _vfiprintf_r
 .text._read_r  0x000000000800990c       0x24 d:/st/stm32cubeide_1.10.1/stm32cubeide/plugins/com.st.stm32cube.ide.mcu.externaltools.gnu-tools-for-stm32.10.3-2021.10.win32_1.0.0.202111181127/tools/bin/../lib/gcc/arm-none-eabi/10.3.1/../../../../arm-none-eabi/lib/thumb/v7e-m+fp/hard\libc_nano.a(lib_a-readr.o)
                0x000000000800990c                _read_r
 .text.strcpy   0x0000000008009930       0x10 d:/st/stm32cubeide_1.10.1/stm32cubeide/plugins/com.st.stm32cube.ide.mcu.externaltools.gnu-tools-for-stm32.10.3-2021.10.win32_1.0.0.202111181127/tools/bin/../lib/gcc/arm-none-eabi/10.3.1/../../../../arm-none-eabi/lib/thumb/v7e-m+fp/hard\libc_nano.a(lib_a-strcpy.o)
                0x0000000008009930                strcpy
 .text.__assert_func
                0x0000000008009940       0x3c d:/st/stm32cubeide_1.10.1/stm32cubeide/plugins/com.st.stm32cube.ide.mcu.externaltools.gnu-tools-for-stm32.10.3-2021.10.win32_1.0.0.202111181127/tools/bin/../lib/gcc/arm-none-eabi/10.3.1/../../../../arm-none-eabi/lib/thumb/v7e-m+fp/hard\libc_nano.a(lib_a-assert.o)
                0x0000000008009940                __assert_func
 .text.fprintf  0x000000000800997c       0x24 d:/st/stm32cubeide_1.10.1/stm32cubeide/plugins/com.st.stm32cube.ide.mcu.externaltools.gnu-tools-for-stm32.10.3-2021.10.win32_1.0.0.202111181127/tools/bin/../lib/gcc/arm-none-eabi/10.3.1/../../../../arm-none-eabi/lib/thumb/v7e-m+fp/hard\libc_nano.a(lib_a-fprintf.o)
                0x000000000800997c                fiprintf
                0x000000000800997c                fprintf
 .text.abort    0x00000000080099a0        0xe d:/st/stm32cubeide_1.10.1/stm32cubeide/plugins/com.st.stm32cube.ide.mcu.externaltools.gnu-tools-for-stm32.10.3-2021.10.win32_1.0.0.202111181127/tools/bin/../lib/gcc/arm-none-eabi/10.3.1/../../../../arm-none-eabi/lib/thumb/v7e-m+fp/hard\libc_nano.a(lib_a-abort.o)
                0x00000000080099a0                abort
 .text._raise_r
                0x00000000080099ae       0x50 d:/st/stm32cubeide_1.10.1/stm32cubeide/plugins/com.st.stm32cube.ide.mcu.externaltools.gnu-tools-for-stm32.10.3-2021.10.win32_1.0.0.202111181127/tools/bin/../lib/gcc/arm-none-eabi/10.3.1/../../../../arm-none-eabi/lib/thumb/v7e-m+fp/hard\libc_nano.a(lib_a-signal.o)
                0x00000000080099ae                _raise_r
 *fill*         0x00000000080099fe        0x2 
 .text.raise    0x0000000008009a00       0x10 d:/st/stm32cubeide_1.10.1/stm32cubeide/plugins/com.st.stm32cube.ide.mcu.externaltools.gnu-tools-for-stm32.10.3-2021.10.win32_1.0.0.202111181127/tools/bin/../lib/gcc/arm-none-eabi/10.3.1/../../../../arm-none-eabi/lib/thumb/v7e-m+fp/hard\libc_nano.a(lib_a-signal.o)
                0x0000000008009a00                raise
 .text._kill_r  0x0000000008009a10       0x24 d:/st/stm32cubeide_1.10.1/stm32cubeide/plugins/com.st.stm32cube.ide.mcu.externaltools.gnu-tools-for-stm32.10.3-2021.10.win32_1.0.0.202111181127/tools/bin/../lib/gcc/arm-none-eabi/10.3.1/../../../../arm-none-eabi/lib/thumb/v7e-m+fp/hard\libc_nano.a(lib_a-signalr.o)
                0x0000000008009a10                _kill_r
 .text._getpid_r
                0x0000000008009a34        0x4 d:/st/stm32cubeide_1.10.1/stm32cubeide/plugins/com.st.stm32cube.ide.mcu.externaltools.gnu-tools-for-stm32.10.3-2021.10.win32_1.0.0.202111181127/tools/bin/../lib/gcc/arm-none-eabi/10.3.1/../../../../arm-none-eabi/lib/thumb/v7e-m+fp/hard\libc_nano.a(lib_a-signalr.o)
                0x0000000008009a34                _getpid_r
 *(.glue_7)
 .glue_7        0x0000000008009a38        0x0 linker stubs
 *(.glue_7t)
 .glue_7t       0x0000000008009a38        0x0 linker stubs
 *(.eh_frame)
 .eh_frame      0x0000000008009a38        0x0 d:/st/stm32cubeide_1.10.1/stm32cubeide/plugins/com.st.stm32cube.ide.mcu.externaltools.gnu-tools-for-stm32.10.3-2021.10.win32_1.0.0.202111181127/tools/bin/../lib/gcc/arm-none-eabi/10.3.1/thumb/v7e-m+fp/hard/crtbegin.o
 *(.init)
 .init          0x0000000008009a38        0x4 d:/st/stm32cubeide_1.10.1/stm32cubeide/plugins/com.st.stm32cube.ide.mcu.externaltools.gnu-tools-for-stm32.10.3-2021.10.win32_1.0.0.202111181127/tools/bin/../lib/gcc/arm-none-eabi/10.3.1/thumb/v7e-m+fp/hard/crti.o
                0x0000000008009a38                _init
 .init          0x0000000008009a3c        0x8 d:/st/stm32cubeide_1.10.1/stm32cubeide/plugins/com.st.stm32cube.ide.mcu.externaltools.gnu-tools-for-stm32.10.3-2021.10.win32_1.0.0.202111181127/tools/bin/../lib/gcc/arm-none-eabi/10.3.1/thumb/v7e-m+fp/hard/crtn.o
 *(.fini)
 .fini          0x0000000008009a44        0x4 d:/st/stm32cubeide_1.10.1/stm32cubeide/plugins/com.st.stm32cube.ide.mcu.externaltools.gnu-tools-for-stm32.10.3-2021.10.win32_1.0.0.202111181127/tools/bin/../lib/gcc/arm-none-eabi/10.3.1/thumb/v7e-m+fp/hard/crti.o
                0x0000000008009a44                _fini
 .fini          0x0000000008009a48        0x8 d:/st/stm32cubeide_1.10.1/stm32cubeide/plugins/com.st.stm32cube.ide.mcu.externaltools.gnu-tools-for-stm32.10.3-2021.10.win32_1.0.0.202111181127/tools/bin/../lib/gcc/arm-none-eabi/10.3.1/thumb/v7e-m+fp/hard/crtn.o
                0x0000000008009a50                . = ALIGN (0x4)
                0x0000000008009a50                _etext = .

.vfp11_veneer   0x0000000008009a50        0x0
 .vfp11_veneer  0x0000000008009a50        0x0 linker stubs

.v4_bx          0x0000000008009a50        0x0
 .v4_bx         0x0000000008009a50        0x0 linker stubs

.iplt           0x0000000008009a50        0x0
 .iplt          0x0000000008009a50        0x0 d:/st/stm32cubeide_1.10.1/stm32cubeide/plugins/com.st.stm32cube.ide.mcu.externaltools.gnu-tools-for-stm32.10.3-2021.10.win32_1.0.0.202111181127/tools/bin/../lib/gcc/arm-none-eabi/10.3.1/thumb/v7e-m+fp/hard/crtbegin.o

.rodata         0x0000000008009a50     0x34c4
                0x0000000008009a50                . = ALIGN (0x4)
 *(.rodata)
 .rodata        0x0000000008009a50       0x4c ./Core/Src/main.o
 *(.rodata*)
 .rodata.init_table
                0x0000000008009a9c       0x98 ./Core/Src/lcd.o
 .rodata.font6x9
                0x0000000008009b34     0x2fb5 ./Core/Src/main.o
                0x0000000008009b34                font6x9
 *fill*         0x000000000800cae9        0x3 
 .rodata.AHBPrescTable
                0x000000000800caec       0x10 ./Core/Src/system_stm32l4xx.o
                0x000000000800caec                AHBPrescTable
 .rodata.APBPrescTable
                0x000000000800cafc        0x8 ./Core/Src/system_stm32l4xx.o
                0x000000000800cafc                APBPrescTable
 .rodata.MSIRangeTable
                0x000000000800cb04       0x30 ./Core/Src/system_stm32l4xx.o
                0x000000000800cb04                MSIRangeTable
 .rodata.__sf_fake_stderr
                0x000000000800cb34       0x20 d:/st/stm32cubeide_1.10.1/stm32cubeide/plugins/com.st.stm32cube.ide.mcu.externaltools.gnu-tools-for-stm32.10.3-2021.10.win32_1.0.0.202111181127/tools/bin/../lib/gcc/arm-none-eabi/10.3.1/../../../../arm-none-eabi/lib/thumb/v7e-m+fp/hard\libc_nano.a(lib_a-findfp.o)
                0x000000000800cb34                __sf_fake_stderr
 .rodata.__sf_fake_stdin
                0x000000000800cb54       0x20 d:/st/stm32cubeide_1.10.1/stm32cubeide/plugins/com.st.stm32cube.ide.mcu.externaltools.gnu-tools-for-stm32.10.3-2021.10.win32_1.0.0.202111181127/tools/bin/../lib/gcc/arm-none-eabi/10.3.1/../../../../arm-none-eabi/lib/thumb/v7e-m+fp/hard\libc_nano.a(lib_a-findfp.o)
                0x000000000800cb54                __sf_fake_stdin
 .rodata.__sf_fake_stdout
                0x000000000800cb74       0x20 d:/st/stm32cubeide_1.10.1/stm32cubeide/plugins/com.st.stm32cube.ide.mcu.externaltools.gnu-tools-for-stm32.10.3-2021.10.win32_1.0.0.202111181127/tools/bin/../lib/gcc/arm-none-eabi/10.3.1/../../../../arm-none-eabi/lib/thumb/v7e-m+fp/hard\libc_nano.a(lib_a-findfp.o)
                0x000000000800cb74                __sf_fake_stdout
 .rodata._global_impure_ptr
                0x000000000800cb94        0x4 d:/st/stm32cubeide_1.10.1/stm32cubeide/plugins/com.st.stm32cube.ide.mcu.externaltools.gnu-tools-for-stm32.10.3-2021.10.win32_1.0.0.202111181127/tools/bin/../lib/gcc/arm-none-eabi/10.3.1/../../../../arm-none-eabi/lib/thumb/v7e-m+fp/hard\libc_nano.a(lib_a-impure.o)
                0x000000000800cb94                _global_impure_ptr
 .rodata._setlocale_r.str1.1
                0x000000000800cb98        0x8 d:/st/stm32cubeide_1.10.1/stm32cubeide/plugins/com.st.stm32cube.ide.mcu.externaltools.gnu-tools-for-stm32.10.3-2021.10.win32_1.0.0.202111181127/tools/bin/../lib/gcc/arm-none-eabi/10.3.1/../../../../arm-none-eabi/lib/thumb/v7e-m+fp/hard\libc_nano.a(lib_a-locale.o)
                                          0x9 (size before relaxing)
 .rodata.str1.1
                0x000000000800cba0        0x2 d:/st/stm32cubeide_1.10.1/stm32cubeide/plugins/com.st.stm32cube.ide.mcu.externaltools.gnu-tools-for-stm32.10.3-2021.10.win32_1.0.0.202111181127/tools/bin/../lib/gcc/arm-none-eabi/10.3.1/../../../../arm-none-eabi/lib/thumb/v7e-m+fp/hard\libc_nano.a(lib_a-locale.o)
 .rodata._printf_float.str1.1
                0x000000000800cba2       0x12 d:/st/stm32cubeide_1.10.1/stm32cubeide/plugins/com.st.stm32cube.ide.mcu.externaltools.gnu-tools-for-stm32.10.3-2021.10.win32_1.0.0.202111181127/tools/bin/../lib/gcc/arm-none-eabi/10.3.1/../../../../arm-none-eabi/lib/thumb/v7e-m+fp/hard\libc_nano.a(lib_a-nano-vfprintf_float.o)
 .rodata._printf_i.str1.1
                0x000000000800cbb4       0x22 d:/st/stm32cubeide_1.10.1/stm32cubeide/plugins/com.st.stm32cube.ide.mcu.externaltools.gnu-tools-for-stm32.10.3-2021.10.win32_1.0.0.202111181127/tools/bin/../lib/gcc/arm-none-eabi/10.3.1/../../../../arm-none-eabi/lib/thumb/v7e-m+fp/hard\libc_nano.a(lib_a-nano-vfprintf_i.o)
 .rodata._ctype_
                0x000000000800cbd6      0x101 d:/st/stm32cubeide_1.10.1/stm32cubeide/plugins/com.st.stm32cube.ide.mcu.externaltools.gnu-tools-for-stm32.10.3-2021.10.win32_1.0.0.202111181127/tools/bin/../lib/gcc/arm-none-eabi/10.3.1/../../../../arm-none-eabi/lib/thumb/v7e-m+fp/hard\libc_nano.a(lib_a-ctype_.o)
                0x000000000800cbd6                _ctype_
 .rodata._dtoa_r.str1.1
                0x000000000800ccd7       0x90 d:/st/stm32cubeide_1.10.1/stm32cubeide/plugins/com.st.stm32cube.ide.mcu.externaltools.gnu-tools-for-stm32.10.3-2021.10.win32_1.0.0.202111181127/tools/bin/../lib/gcc/arm-none-eabi/10.3.1/../../../../arm-none-eabi/lib/thumb/v7e-m+fp/hard\libc_nano.a(lib_a-dtoa.o)
                                         0x92 (size before relaxing)
 .rodata._Balloc.str1.1
                0x000000000800cd67       0x5c d:/st/stm32cubeide_1.10.1/stm32cubeide/plugins/com.st.stm32cube.ide.mcu.externaltools.gnu-tools-for-stm32.10.3-2021.10.win32_1.0.0.202111181127/tools/bin/../lib/gcc/arm-none-eabi/10.3.1/../../../../arm-none-eabi/lib/thumb/v7e-m+fp/hard\libc_nano.a(lib_a-mprec.o)
                                         0x73 (size before relaxing)
 .rodata.__multadd.str1.1
                0x000000000800cdc3       0x11 d:/st/stm32cubeide_1.10.1/stm32cubeide/plugins/com.st.stm32cube.ide.mcu.externaltools.gnu-tools-for-stm32.10.3-2021.10.win32_1.0.0.202111181127/tools/bin/../lib/gcc/arm-none-eabi/10.3.1/../../../../arm-none-eabi/lib/thumb/v7e-m+fp/hard\libc_nano.a(lib_a-mprec.o)
 *fill*         0x000000000800cdc3        0x5 
 .rodata.__mprec_bigtens
                0x000000000800cdc8       0x28 d:/st/stm32cubeide_1.10.1/stm32cubeide/plugins/com.st.stm32cube.ide.mcu.externaltools.gnu-tools-for-stm32.10.3-2021.10.win32_1.0.0.202111181127/tools/bin/../lib/gcc/arm-none-eabi/10.3.1/../../../../arm-none-eabi/lib/thumb/v7e-m+fp/hard\libc_nano.a(lib_a-mprec.o)
                0x000000000800cdc8                __mprec_bigtens
 .rodata.__mprec_tens
                0x000000000800cdf0       0xc8 d:/st/stm32cubeide_1.10.1/stm32cubeide/plugins/com.st.stm32cube.ide.mcu.externaltools.gnu-tools-for-stm32.10.3-2021.10.win32_1.0.0.202111181127/tools/bin/../lib/gcc/arm-none-eabi/10.3.1/../../../../arm-none-eabi/lib/thumb/v7e-m+fp/hard\libc_nano.a(lib_a-mprec.o)
                0x000000000800cdf0                __mprec_tens
 .rodata.p05.0  0x000000000800ceb8        0xc d:/st/stm32cubeide_1.10.1/stm32cubeide/plugins/com.st.stm32cube.ide.mcu.externaltools.gnu-tools-for-stm32.10.3-2021.10.win32_1.0.0.202111181127/tools/bin/../lib/gcc/arm-none-eabi/10.3.1/../../../../arm-none-eabi/lib/thumb/v7e-m+fp/hard\libc_nano.a(lib_a-mprec.o)
 .rodata._vfprintf_r.str1.1
                0x000000000800cec4       0x11 d:/st/stm32cubeide_1.10.1/stm32cubeide/plugins/com.st.stm32cube.ide.mcu.externaltools.gnu-tools-for-stm32.10.3-2021.10.win32_1.0.0.202111181127/tools/bin/../lib/gcc/arm-none-eabi/10.3.1/../../../../arm-none-eabi/lib/thumb/v7e-m+fp/hard\libc_nano.a(lib_a-nano-vfprintf.o)
 .rodata.__assert_func.str1.1
                0x000000000800ced5       0x3c d:/st/stm32cubeide_1.10.1/stm32cubeide/plugins/com.st.stm32cube.ide.mcu.externaltools.gnu-tools-for-stm32.10.3-2021.10.win32_1.0.0.202111181127/tools/bin/../lib/gcc/arm-none-eabi/10.3.1/../../../../arm-none-eabi/lib/thumb/v7e-m+fp/hard\libc_nano.a(lib_a-assert.o)
                                         0x3d (size before relaxing)
                0x000000000800cf14                . = ALIGN (0x4)
 *fill*         0x000000000800cf11        0x3 

.ARM.extab      0x000000000800cf14        0x0
                0x000000000800cf14                . = ALIGN (0x4)
 *(.ARM.extab* .gnu.linkonce.armextab.*)
                0x000000000800cf14                . = ALIGN (0x4)

.ARM            0x000000000800cf14        0x8
                0x000000000800cf14                . = ALIGN (0x4)
                0x000000000800cf14                __exidx_start = .
 *(.ARM.exidx*)
 .ARM.exidx     0x000000000800cf14        0x8 d:/st/stm32cubeide_1.10.1/stm32cubeide/plugins/com.st.stm32cube.ide.mcu.externaltools.gnu-tools-for-stm32.10.3-2021.10.win32_1.0.0.202111181127/tools/bin/../lib/gcc/arm-none-eabi/10.3.1/thumb/v7e-m+fp/hard\libgcc.a(_udivmoddi4.o)
                0x000000000800cf1c                __exidx_end = .
                0x000000000800cf1c                . = ALIGN (0x4)

.rel.dyn        0x000000000800cf1c        0x0
 .rel.iplt      0x000000000800cf1c        0x0 d:/st/stm32cubeide_1.10.1/stm32cubeide/plugins/com.st.stm32cube.ide.mcu.externaltools.gnu-tools-for-stm32.10.3-2021.10.win32_1.0.0.202111181127/tools/bin/../lib/gcc/arm-none-eabi/10.3.1/thumb/v7e-m+fp/hard/crtbegin.o

.preinit_array  0x000000000800cf1c        0x0
                0x000000000800cf1c                . = ALIGN (0x4)
                0x000000000800cf1c                PROVIDE (__preinit_array_start = .)
 *(.preinit_array*)
                0x000000000800cf1c                PROVIDE (__preinit_array_end = .)
                0x000000000800cf1c                . = ALIGN (0x4)

.init_array     0x000000000800cf1c        0x4
                0x000000000800cf1c                . = ALIGN (0x4)
                0x000000000800cf1c                PROVIDE (__init_array_start = .)
 *(SORT_BY_NAME(.init_array.*))
 *(.init_array*)
 .init_array    0x000000000800cf1c        0x4 d:/st/stm32cubeide_1.10.1/stm32cubeide/plugins/com.st.stm32cube.ide.mcu.externaltools.gnu-tools-for-stm32.10.3-2021.10.win32_1.0.0.202111181127/tools/bin/../lib/gcc/arm-none-eabi/10.3.1/thumb/v7e-m+fp/hard/crtbegin.o
                0x000000000800cf20                PROVIDE (__init_array_end = .)
                0x000000000800cf20                . = ALIGN (0x4)

.fini_array     0x000000000800cf20        0x4
                0x000000000800cf20                . = ALIGN (0x4)
                [!provide]                        PROVIDE (__fini_array_start = .)
 *(SORT_BY_NAME(.fini_array.*))
 *(.fini_array*)
 .fini_array    0x000000000800cf20        0x4 d:/st/stm32cubeide_1.10.1/stm32cubeide/plugins/com.st.stm32cube.ide.mcu.externaltools.gnu-tools-for-stm32.10.3-2021.10.win32_1.0.0.202111181127/tools/bin/../lib/gcc/arm-none-eabi/10.3.1/thumb/v7e-m+fp/hard/crtbegin.o
                [!provide]                        PROVIDE (__fini_array_end = .)
                0x000000000800cf24                . = ALIGN (0x4)
                0x000000000800cf24                _sidata = LOADADDR (.data)

.data           0x0000000020000000      0x1e4 load address 0x000000000800cf24
                0x0000000020000000                . = ALIGN (0x4)
                0x0000000020000000                _sdata = .
 *(.data)
 *(.data*)
 .data.SystemCoreClock
                0x0000000020000000        0x4 ./Core/Src/system_stm32l4xx.o
                0x0000000020000000                SystemCoreClock
 .data.uwTickPrio
                0x0000000020000004        0x4 ./Drivers/STM32L4xx_HAL_Driver/Src/stm32l4xx_hal.o
                0x0000000020000004                uwTickPrio
 .data.uwTickFreq
                0x0000000020000008        0x1 ./Drivers/STM32L4xx_HAL_Driver/Src/stm32l4xx_hal.o
                0x0000000020000008                uwTickFreq
 *fill*         0x0000000020000009        0x3 
 .data.clip_window
                0x000000002000000c        0x8 ./hagl/src/hagl.o
 .data._impure_ptr
                0x0000000020000014        0x4 d:/st/stm32cubeide_1.10.1/stm32cubeide/plugins/com.st.stm32cube.ide.mcu.externaltools.gnu-tools-for-stm32.10.3-2021.10.win32_1.0.0.202111181127/tools/bin/../lib/gcc/arm-none-eabi/10.3.1/../../../../arm-none-eabi/lib/thumb/v7e-m+fp/hard\libc_nano.a(lib_a-impure.o)
                0x0000000020000014                _impure_ptr
 .data.impure_data
                0x0000000020000018       0x60 d:/st/stm32cubeide_1.10.1/stm32cubeide/plugins/com.st.stm32cube.ide.mcu.externaltools.gnu-tools-for-stm32.10.3-2021.10.win32_1.0.0.202111181127/tools/bin/../lib/gcc/arm-none-eabi/10.3.1/../../../../arm-none-eabi/lib/thumb/v7e-m+fp/hard\libc_nano.a(lib_a-impure.o)
 .data.__global_locale
                0x0000000020000078      0x16c d:/st/stm32cubeide_1.10.1/stm32cubeide/plugins/com.st.stm32cube.ide.mcu.externaltools.gnu-tools-for-stm32.10.3-2021.10.win32_1.0.0.202111181127/tools/bin/../lib/gcc/arm-none-eabi/10.3.1/../../../../arm-none-eabi/lib/thumb/v7e-m+fp/hard\libc_nano.a(lib_a-locale.o)
                0x0000000020000078                __global_locale
 *(.RamFunc)
 *(.RamFunc*)
                0x00000000200001e4                . = ALIGN (0x4)
                0x00000000200001e4                _edata = .

.igot.plt       0x00000000200001e4        0x0 load address 0x000000000800d108
 .igot.plt      0x00000000200001e4        0x0 d:/st/stm32cubeide_1.10.1/stm32cubeide/plugins/com.st.stm32cube.ide.mcu.externaltools.gnu-tools-for-stm32.10.3-2021.10.win32_1.0.0.202111181127/tools/bin/../lib/gcc/arm-none-eabi/10.3.1/thumb/v7e-m+fp/hard/crtbegin.o
                0x00000000200001e4                . = ALIGN (0x4)

.bss            0x00000000200001e4     0xa1b8 load address 0x000000000800d108
                0x00000000200001e4                _sbss = .
                0x00000000200001e4                __bss_start__ = _sbss
 *(.bss)
 .bss           0x00000000200001e4       0x1c d:/st/stm32cubeide_1.10.1/stm32cubeide/plugins/com.st.stm32cube.ide.mcu.externaltools.gnu-tools-for-stm32.10.3-2021.10.win32_1.0.0.202111181127/tools/bin/../lib/gcc/arm-none-eabi/10.3.1/thumb/v7e-m+fp/hard/crtbegin.o
 *(.bss*)
 .bss.hi2c1     0x0000000020000200       0x54 ./Core/Src/i2c.o
                0x0000000020000200                hi2c1
 .bss.frame_buffer
                0x0000000020000254     0xa000 ./Core/Src/lcd.o
 .bss.hspi2     0x000000002000a254       0x64 ./Core/Src/spi.o
                0x000000002000a254                hspi2
 .bss.hdma_spi2_tx
                0x000000002000a2b8       0x48 ./Core/Src/spi.o
                0x000000002000a2b8                hdma_spi2_tx
 .bss.__sbrk_heap_end
                0x000000002000a300        0x4 ./Core/Src/sysmem.o
 .bss.huart2    0x000000002000a304       0x84 ./Core/Src/usart.o
                0x000000002000a304                huart2
 .bss.uwTick    0x000000002000a388        0x4 ./Drivers/STM32L4xx_HAL_Driver/Src/stm32l4xx_hal.o
                0x000000002000a388                uwTick
 .bss.__lock___malloc_recursive_mutex
                0x000000002000a38c        0x1 d:/st/stm32cubeide_1.10.1/stm32cubeide/plugins/com.st.stm32cube.ide.mcu.externaltools.gnu-tools-for-stm32.10.3-2021.10.win32_1.0.0.202111181127/tools/bin/../lib/gcc/arm-none-eabi/10.3.1/../../../../arm-none-eabi/lib/thumb/v7e-m+fp/hard\libc_nano.a(lib_a-lock.o)
                0x000000002000a38c                __lock___malloc_recursive_mutex
 .bss.__lock___sfp_recursive_mutex
                0x000000002000a38d        0x1 d:/st/stm32cubeide_1.10.1/stm32cubeide/plugins/com.st.stm32cube.ide.mcu.externaltools.gnu-tools-for-stm32.10.3-2021.10.win32_1.0.0.202111181127/tools/bin/../lib/gcc/arm-none-eabi/10.3.1/../../../../arm-none-eabi/lib/thumb/v7e-m+fp/hard\libc_nano.a(lib_a-lock.o)
                0x000000002000a38d                __lock___sfp_recursive_mutex
 .bss.__lock___sinit_recursive_mutex
                0x000000002000a38e        0x1 d:/st/stm32cubeide_1.10.1/stm32cubeide/plugins/com.st.stm32cube.ide.mcu.externaltools.gnu-tools-for-stm32.10.3-2021.10.win32_1.0.0.202111181127/tools/bin/../lib/gcc/arm-none-eabi/10.3.1/../../../../arm-none-eabi/lib/thumb/v7e-m+fp/hard\libc_nano.a(lib_a-lock.o)
                0x000000002000a38e                __lock___sinit_recursive_mutex
 *fill*         0x000000002000a38f        0x1 
 .bss.__malloc_free_list
                0x000000002000a390        0x4 d:/st/stm32cubeide_1.10.1/stm32cubeide/plugins/com.st.stm32cube.ide.mcu.externaltools.gnu-tools-for-stm32.10.3-2021.10.win32_1.0.0.202111181127/tools/bin/../lib/gcc/arm-none-eabi/10.3.1/../../../../arm-none-eabi/lib/thumb/v7e-m+fp/hard\libc_nano.a(lib_a-nano-mallocr.o)
                0x000000002000a390                __malloc_free_list
 .bss.__malloc_sbrk_start
                0x000000002000a394        0x4 d:/st/stm32cubeide_1.10.1/stm32cubeide/plugins/com.st.stm32cube.ide.mcu.externaltools.gnu-tools-for-stm32.10.3-2021.10.win32_1.0.0.202111181127/tools/bin/../lib/gcc/arm-none-eabi/10.3.1/../../../../arm-none-eabi/lib/thumb/v7e-m+fp/hard\libc_nano.a(lib_a-nano-mallocr.o)
                0x000000002000a394                __malloc_sbrk_start
 .bss.errno     0x000000002000a398        0x4 d:/st/stm32cubeide_1.10.1/stm32cubeide/plugins/com.st.stm32cube.ide.mcu.externaltools.gnu-tools-for-stm32.10.3-2021.10.win32_1.0.0.202111181127/tools/bin/../lib/gcc/arm-none-eabi/10.3.1/../../../../arm-none-eabi/lib/thumb/v7e-m+fp/hard\libc_nano.a(lib_a-reent.o)
                0x000000002000a398                errno
 *(COMMON)
                0x000000002000a39c                . = ALIGN (0x4)
                0x000000002000a39c                _ebss = .
                0x000000002000a39c                __bss_end__ = _ebss

._user_heap_stack
                0x000000002000a39c      0x604 load address 0x000000000800d108
                0x000000002000a3a0                . = ALIGN (0x8)
 *fill*         0x000000002000a39c        0x4 
                [!provide]                        PROVIDE (end = .)
                0x000000002000a3a0                PROVIDE (_end = .)
                0x000000002000a5a0                . = (. + _Min_Heap_Size)
 *fill*         0x000000002000a3a0      0x200 
                0x000000002000a9a0                . = (. + _Min_Stack_Size)
 *fill*         0x000000002000a5a0      0x400 
                0x000000002000a9a0                . = ALIGN (0x8)

/DISCARD/
 libc.a(*)
 libm.a(*)
 libgcc.a(*)

.ARM.attributes
                0x0000000000000000       0x30
 *(.ARM.attributes)
 .ARM.attributes
                0x0000000000000000       0x1e d:/st/stm32cubeide_1.10.1/stm32cubeide/plugins/com.st.stm32cube.ide.mcu.externaltools.gnu-tools-for-stm32.10.3-2021.10.win32_1.0.0.202111181127/tools/bin/../lib/gcc/arm-none-eabi/10.3.1/thumb/v7e-m+fp/hard/crti.o
 .ARM.attributes
                0x000000000000001e       0x34 d:/st/stm32cubeide_1.10.1/stm32cubeide/plugins/com.st.stm32cube.ide.mcu.externaltools.gnu-tools-for-stm32.10.3-2021.10.win32_1.0.0.202111181127/tools/bin/../lib/gcc/arm-none-eabi/10.3.1/thumb/v7e-m+fp/hard/crtbegin.o
 .ARM.attributes
                0x0000000000000052       0x34 ./Core/Src/dma.o
 .ARM.attributes
                0x0000000000000086       0x34 ./Core/Src/gpio.o
 .ARM.attributes
                0x00000000000000ba       0x34 ./Core/Src/i2c.o
 .ARM.attributes
                0x00000000000000ee       0x34 ./Core/Src/lcd.o
 .ARM.attributes
                0x0000000000000122       0x34 ./Core/Src/lps25hb.o
 .ARM.attributes
                0x0000000000000156       0x34 ./Core/Src/main.o
 .ARM.attributes
                0x000000000000018a       0x34 ./Core/Src/spi.o
 .ARM.attributes
                0x00000000000001be       0x34 ./Core/Src/stm32l4xx_hal_msp.o
 .ARM.attributes
                0x00000000000001f2       0x34 ./Core/Src/stm32l4xx_it.o
 .ARM.attributes
                0x0000000000000226       0x34 ./Core/Src/syscalls.o
 .ARM.attributes
                0x000000000000025a       0x34 ./Core/Src/sysmem.o
 .ARM.attributes
                0x000000000000028e       0x34 ./Core/Src/system_stm32l4xx.o
 .ARM.attributes
                0x00000000000002c2       0x34 ./Core/Src/usart.o
 .ARM.attributes